Archive member included because of file (symbol)

c:\Users\Benjamin Coleman\AppData\Roaming\Code\User\globalStorage\vexrobotics.vexcode\sdk\cpp\V5\V5_20220726_10_00_00/vexv5\libv5rt.a(v5_startup.c.obj)
                              (vexStartup)
c:\Users\Benjamin Coleman\AppData\Roaming\Code\User\globalStorage\vexrobotics.vexcode\sdk\cpp\V5\V5_20220726_10_00_00/vexv5\libv5rt.a(v5_util.c.obj)
                              c:\Users\Benjamin Coleman\AppData\Roaming\Code\User\globalStorage\vexrobotics.vexcode\sdk\cpp\V5\V5_20220726_10_00_00/vexv5\libv5rt.a(v5_startup.c.obj) (vexStdlibVersionLinked)
c:\Users\Benjamin Coleman\AppData\Roaming\Code\User\globalStorage\vexrobotics.vexcode\sdk\cpp\V5\V5_20220726_10_00_00/vexv5\libv5rt.a(v5_apijump.c.obj)
                              c:\Users\Benjamin Coleman\AppData\Roaming\Code\User\globalStorage\vexrobotics.vexcode\sdk\cpp\V5\V5_20220726_10_00_00/vexv5\libv5rt.a(v5_startup.c.obj) (vexPrivateApiEnable)
c:\Users\Benjamin Coleman\AppData\Roaming\Code\User\globalStorage\vexrobotics.vexcode\sdk\cpp\V5\V5_20220726_10_00_00/vexv5\libv5rt.a(v5_apiversions.c.obj)
                              c:\Users\Benjamin Coleman\AppData\Roaming\Code\User\globalStorage\vexrobotics.vexcode\sdk\cpp\V5\V5_20220726_10_00_00/vexv5\libv5rt.a(v5_apijump.c.obj) (vexSystemVersion)
c:\Users\Benjamin Coleman\AppData\Roaming\Code\User\globalStorage\vexrobotics.vexcode\sdk\cpp\V5\V5_20220726_10_00_00/vexv5\libv5rt.a(vex_global.cpp.obj)
                              build/src/main.o (vex::wait(double, vex::timeUnits))
c:\Users\Benjamin Coleman\AppData\Roaming\Code\User\globalStorage\vexrobotics.vexcode\sdk\cpp\V5\V5_20220726_10_00_00/vexv5\libv5rt.a(vex_motor.cpp.obj)
                              build/src/robot-config.o (vex::motor::~motor())
c:\Users\Benjamin Coleman\AppData\Roaming\Code\User\globalStorage\vexrobotics.vexcode\sdk\cpp\V5\V5_20220726_10_00_00/vexv5\libv5rt.a(vex_imu.cpp.obj)
                              build/src/robot-config.o (vex::inertial::~inertial())
c:\Users\Benjamin Coleman\AppData\Roaming\Code\User\globalStorage\vexrobotics.vexcode\sdk\cpp\V5\V5_20220726_10_00_00/vexv5\libv5rt.a(vex_optical.cpp.obj)
                              build/src/robot-config.o (vex::optical::~optical())
c:\Users\Benjamin Coleman\AppData\Roaming\Code\User\globalStorage\vexrobotics.vexcode\sdk\cpp\V5\V5_20220726_10_00_00/vexv5\libv5rt.a(vex_controller.cpp.obj)
                              build/src/robot-config.o (vex::controller::~controller())
c:\Users\Benjamin Coleman\AppData\Roaming\Code\User\globalStorage\vexrobotics.vexcode\sdk\cpp\V5\V5_20220726_10_00_00/vexv5\libv5rt.a(vex_task.cpp.obj)
                              build/src/main.o (vex::task::sleep(unsigned long))
c:\Users\Benjamin Coleman\AppData\Roaming\Code\User\globalStorage\vexrobotics.vexcode\sdk\cpp\V5\V5_20220726_10_00_00/vexv5\libv5rt.a(vex_thread.cpp.obj)
                              build/src/main.o (vex::thread::thread(int (*)()))
c:\Users\Benjamin Coleman\AppData\Roaming\Code\User\globalStorage\vexrobotics.vexcode\sdk\cpp\V5\V5_20220726_10_00_00/vexv5\libv5rt.a(vex_event.cpp.obj)
                              build/src/main.o (vex::event::event())
c:\Users\Benjamin Coleman\AppData\Roaming\Code\User\globalStorage\vexrobotics.vexcode\sdk\cpp\V5\V5_20220726_10_00_00/vexv5\libv5rt.a(vex_mevent.cpp.obj)
                              c:\Users\Benjamin Coleman\AppData\Roaming\Code\User\globalStorage\vexrobotics.vexcode\sdk\cpp\V5\V5_20220726_10_00_00/vexv5\libv5rt.a(vex_controller.cpp.obj) (vex::mevent::mevent(unsigned long, unsigned long))
c:\Users\Benjamin Coleman\AppData\Roaming\Code\User\globalStorage\vexrobotics.vexcode\sdk\cpp\V5\V5_20220726_10_00_00/vexv5\libv5rt.a(vex_brain.cpp.obj)
                              build/src/main.o (vex::brain::resetTimer())
c:\Users\Benjamin Coleman\AppData\Roaming\Code\User\globalStorage\vexrobotics.vexcode\sdk\cpp\V5\V5_20220726_10_00_00/vexv5\libv5rt.a(vex_competition.cpp.obj)
                              build/src/main.o (vex::competition::competition())
c:\Users\Benjamin Coleman\AppData\Roaming\Code\User\globalStorage\vexrobotics.vexcode\sdk\cpp\V5\V5_20220726_10_00_00/vexv5\libv5rt.a(vex_triport.cpp.obj)
                              c:\Users\Benjamin Coleman\AppData\Roaming\Code\User\globalStorage\vexrobotics.vexcode\sdk\cpp\V5\V5_20220726_10_00_00/vexv5\libv5rt.a(vex_brain.cpp.obj) (vex::triport::~triport())
c:\Users\Benjamin Coleman\AppData\Roaming\Code\User\globalStorage\vexrobotics.vexcode\sdk\cpp\V5\V5_20220726_10_00_00/vexv5\libv5rt.a(vex_color.cpp.obj)
                              build/src/main.o (vex::color::~color())
c:\Users\Benjamin Coleman\AppData\Roaming\Code\User\globalStorage\vexrobotics.vexcode\sdk\cpp\V5\V5_20220726_10_00_00/vexv5\libv5rt.a(vex_timer.cpp.obj)
[...]
Memory Configuration

Name             Origin             Length             Attributes
ps7_ddr_0_S_AXI_BASEADDR 0x03800000         0x04800000
*default*        0x00000000         0xffffffff

Linker script and memory map

                0x00002000                _STACK_SIZE = DEFINED (_STACK_SIZE)?_STACK_SIZE:0x2000
                0x00100000                _HEAP_SIZE = DEFINED (_HEAP_SIZE)?_HEAP_SIZE:0x100000
                0x00000400                _ABORT_STACK_SIZE = DEFINED (_ABORT_STACK_SIZE)?_ABORT_STACK_SIZE:0x400
                0x00000800                _SUPERVISOR_STACK_SIZE = DEFINED (_SUPERVISOR_STACK_SIZE)?_SUPERVISOR_STACK_SIZE:0x800
                0x00000400                _IRQ_STACK_SIZE = DEFINED (_IRQ_STACK_SIZE)?_IRQ_STACK_SIZE:0x400
                0x00000400                _FIQ_STACK_SIZE = DEFINED (_FIQ_STACK_SIZE)?_FIQ_STACK_SIZE:0x400
                0x00000400                _UNDEF_STACK_SIZE = DEFINED (_UNDEF_STACK_SIZE)?_UNDEF_STACK_SIZE:0x400

.text           0x03800000     0x8ea8
 *(.vectors)
 *(.boot_data)
 .boot_data     0x03800000       0x20 c:\Users\Benjamin Coleman\AppData\Roaming\Code\User\globalStorage\vexrobotics.vexcode\sdk\cpp\V5\V5_20220726_10_00_00/vexv5\libv5rt.a(v5_startup.c.obj)
                0x03800000                vexCodeSig
                0x00000020                . = 0x20
 *(.boot)
 .boot          0x03800020       0xbc c:\Users\Benjamin Coleman\AppData\Roaming\Code\User\globalStorage\vexrobotics.vexcode\sdk\cpp\V5\V5_20220726_10_00_00/vexv5\libv5rt.a(v5_startup.c.obj)
                0x03800020                vexStartup
                0x03800100                . = ALIGN (0x40)
 *fill*         0x038000dc       0x24 
 *(.freertos_vectors)
 *(.text)
 *(.text.*)
 .text._ZN14ButtonControls21ColorSpinnerFunctions11ChangeColorEv
                0x03800100       0x4c build/src/main.o
                0x03800100                ButtonControls::ColorSpinnerFunctions::ChangeColor()
 *fill*         0x0380014c        0x4 
 .text._ZN14ButtonControls21ColorSpinnerFunctions13SpinUntilBlueEbb
                0x03800150      0x2c8 build/src/main.o
                0x03800150                ButtonControls::ColorSpinnerFunctions::SpinUntilBlue(bool, bool)
 .text._ZN14ButtonControls21ColorSpinnerFunctions12SpinUntilRedEbb
                0x03800418      0x2b0 build/src/main.o
                0x03800418                ButtonControls::ColorSpinnerFunctions::SpinUntilRed(bool, bool)
 .text._ZN14ButtonControls21ColorSpinnerFunctions11STOPSpinnerEv
                0x038006c8        0xc build/src/main.o
                0x038006c8                ButtonControls::ColorSpinnerFunctions::STOPSpinner()
 .text._ZN14ButtonControls21ColorSpinnerFunctions24ColorSpinnerMainFunctionEv
                0x038006d4       0x2c build/src/main.o
                0x038006d4                ButtonControls::ColorSpinnerFunctions::ColorSpinnerMainFunction()
 .text._ZN8Odometry6cmath226getDesiredHeadingforRotateEdddd
                0x03800700      0x170 build/src/main.o
                0x03800700                Odometry::cmath2::getDesiredHeadingforRotate(double, double, double, double)
 .text._ZN8Odometry11Orientation15OrientationInitEv
                0x03800870       0xe8 build/src/main.o
                0x03800870                Odometry::Orientation::OrientationInit()
 .text._ZN8Odometry4Main20positionTrackingInitEv
                0x03800958      0x3f8 build/src/main.o
                0x03800958                Odometry::Main::positionTrackingInit()
 .text._ZN8Odometry4Main4keepEv
                0x03800d50       0xa0 build/src/main.o
                0x03800d50                Odometry::Main::keep()
 .text._ZN8Odometry4Main8odomInitEv
                0x03800df0       0x44 build/src/main.o
                0x03800df0                Odometry::Main::odomInit()
 *fill*         0x03800e34        0x4 
 .text._ZN8Odometry3Set2a1Ev
                0x03800e38       0x68 build/src/main.o
                0x03800e38                Odometry::Set::a1()
 .text._ZN8Odometry3Set2a6Ev
                0x03800ea0       0x68 build/src/main.o
                0x03800ea0                Odometry::Set::a6()
 .text._ZN8Odometry3Set2r1Ev
                0x03800f08       0x5c build/src/main.o
                0x03800f08                Odometry::Set::r1()
 .text._ZN8Odometry3Set2r4Ev
                0x03800f64       0x60 build/src/main.o
                0x03800f64                Odometry::Set::r4()
 .text._ZN8Odometry3Set18settingusercontrolEv
                0x03800fc4      0x40c build/src/main.o
                0x03800fc4                Odometry::Set::settingusercontrol()
 .text._ZN8Odometry3Set7setInitEv
                0x038013d0      0x280 build/src/main.o
                0x038013d0                Odometry::Set::setInit()
 .text._ZN14ButtonControls16ShooterFunctions8AddPowerEv
                0x03801650      0x138 build/src/main.o
                0x03801650                ButtonControls::ShooterFunctions::AddPower()
 .text._ZN14ButtonControls16ShooterFunctions11RemovePowerEv
                0x03801788      0x110 build/src/main.o
                0x03801788                ButtonControls::ShooterFunctions::RemovePower()
 .text._ZN14ButtonControls16ShooterFunctions11CreateErrorEv
                0x03801898       0xbc build/src/main.o
                0x03801898                ButtonControls::ShooterFunctions::CreateError()
 *fill*         0x03801954        0x4 
 .text._ZN14ButtonControls16ShooterFunctions32ChangeShooterPower_While_RunningEd
                0x03801958      0x230 build/src/main.o
                0x03801958                ButtonControls::ShooterFunctions::ChangeShooterPower_While_Running(double)
 .text._ZN14ButtonControls16ShooterFunctions5ShootEv
                0x03801b88      0x128 build/src/main.o
                0x03801b88                ButtonControls::ShooterFunctions::Shoot()
 .text._ZN14ButtonControls16ShooterFunctions9STOPShootEv
                0x03801cb0       0x34 build/src/main.o
                0x03801cb0                ButtonControls::ShooterFunctions::STOPShoot()
 *fill*         0x03801ce4        0x4 
 .text._ZN14ButtonControls16ShooterFunctions11BlooperInitEv
                0x03801ce8       0x70 build/src/main.o
                0x03801ce8                ButtonControls::ShooterFunctions::BlooperInit()
 .text._ZN14ButtonControls16ShooterFunctions1dEv
                0x03801d58      0x1b4 build/src/main.o
                0x03801d58                ButtonControls::ShooterFunctions::d()
 *fill*         0x03801f0c        0x4 
 .text._ZN14ButtonControls16ShooterFunctions19IndexerHoldFunctionEv
                0x03801f10       0xa0 build/src/main.o
                0x03801f10                ButtonControls::ShooterFunctions::IndexerHoldFunction()
 .text._ZN14ButtonControls15IntakeFunctions11StartIntakeEv
                0x03801fb0      0x130 build/src/main.o
                0x03801fb0                ButtonControls::IntakeFunctions::StartIntake()
 .text._ZN14ButtonControls15IntakeFunctions8addpowerEv
                0x038020e0      0x138 build/src/main.o
                0x038020e0                ButtonControls::IntakeFunctions::addpower()
 .text._ZN14ButtonControls15IntakeFunctions7FixDiskEv
                0x03802218       0xfc build/src/main.o
                0x03802218                ButtonControls::IntakeFunctions::FixDisk()
 .text._ZN14ButtonControls13AutonControls11SwitchAutonEv
                0x03802314       0x70 build/src/main.o
                0x03802314                ButtonControls::AutonControls::SwitchAuton()
 *fill*         0x03802384        0x4 
 .text._ZN14ButtonControls15EndgameControls7endgameEv
                0x03802388       0xe8 build/src/main.o
                0x03802388                ButtonControls::EndgameControls::endgame()
 .text._ZN14ButtonControls13stopallmotorsEN3vex9brakeTypeE
                0x03802470       0x50 build/src/main.o
                0x03802470                ButtonControls::stopallmotors(vex::brakeType)
 .text._ZN11UserControl11usercontrolEv
                0x038024c0      0x420 build/src/main.o
                0x038024c0                UserControl::usercontrol()
 .text._ZN15DisplayControls7DisplayEv
                0x038028e0      0x1bc build/src/main.o
                0x038028e0                DisplayControls::Display()
 .text._ZN15DisplayControls11DisplayMainEv
                0x03802a9c      0x374 build/src/main.o
                0x03802a9c                DisplayControls::DisplayMain()
 .text._ZN5Auton14AutonFunctions9old_DriveEffN3vex13directionTypeENS1_9brakeTypeEb
                0x03802e10      0x1c8 build/src/main.o
                0x03802e10                Auton::AutonFunctions::old_Drive(float, float, vex::directionType, vex::brakeType, bool)
 .text._ZN5Auton14AutonFunctions8old_TurnEbddd
                0x03802fd8      0x1a8 build/src/main.o
                0x03802fd8                Auton::AutonFunctions::old_Turn(bool, double, double, double)
 .text._ZN5Auton16turnToHeadingDegEddd
                0x03803180      0x498 build/src/main.o
                0x03803180                Auton::turnToHeadingDeg(double, double, double)
 .text._ZN5Auton6Autons8LeftSpinEv
                0x03803618       0xf0 build/src/main.o
                0x03803618                Auton::Autons::LeftSpin()
 .text._ZN5Auton6Autons12WinPointLeftEv
                0x03803708      0x4d8 build/src/main.o
                0x03803708                Auton::Autons::WinPointLeft()
 .text._ZN5Auton6Autons13WinPointRightEv
                0x03803be0      0x3d0 build/src/main.o
                0x03803be0                Auton::Autons::WinPointRight()
 .text._ZN5Auton6Autons12TimerHehehehEv
                0x03803fb0       0x78 build/src/main.o
                0x03803fb0                Auton::Autons::TimerHeheheh()
 .text._ZN5Auton6Autons17FirstPartofSkillsEv
                0x03804028      0x538 build/src/main.o
                0x03804028                Auton::Autons::FirstPartofSkills()
 .text._ZN5Auton6Autons16SecondPartSkillsEv
                0x03804560      0x548 build/src/main.o
                0x03804560                Auton::Autons::SecondPartSkills()
 .text._ZN5Auton6Autons6SkillsEv
                0x03804aa8      0x288 build/src/main.o
                0x03804aa8                Auton::Autons::Skills()
 .text._ZN5Auton6Autons8TestOdomEv
                0x03804d30       0x60 build/src/main.o
                0x03804d30                Auton::Autons::TestOdom()
 .text._ZN5Auton6Autons12BackupskillsEv
                0x03804d90      0x388 build/src/main.o
                0x03804d90                Auton::Autons::Backupskills()
 .text._ZN5Auton10autonomousEv
                0x03805118       0x80 build/src/main.o
                0x03805118                Auton::autonomous()
 .text.main     0x03805198      0x130 build/src/main.o
                0x03805198                main
 .text._GLOBAL__sub_I_main.cpp
                0x038052c8       0xa4 build/src/main.o
 .text._GLOBAL__sub_I_robot_config.cpp
                0x0380536c      0x38c build/src/robot-config.o
 .text.vexMain  0x038056f8       0xb0 c:\Users\Benjamin Coleman\AppData\Roaming\Code\User\globalStorage\vexrobotics.vexcode\sdk\cpp\V5\V5_20220726_10_00_00/vexv5\libv5rt.a(v5_startup.c.obj)
                0x038056f8                vexMain
 .text.__vex_function_prolog
                0x038057a8       0x18 c:\Users\Benjamin Coleman\AppData\Roaming\Code\User\globalStorage\vexrobotics.vexcode\sdk\cpp\V5\V5_20220726_10_00_00/vexv5\libv5rt.a(v5_startup.c.obj)
                0x038057a8                __vex_function_prolog
 .text._init    0x038057c0        0x4 c:\Users\Benjamin Coleman\AppData\Roaming\Code\User\globalStorage\vexrobotics.vexcode\sdk\cpp\V5\V5_20220726_10_00_00/vexv5\libv5rt.a(v5_startup.c.obj)
                0x038057c0                _init
 .text._fini    0x038057c4        0x4 c:\Users\Benjamin Coleman\AppData\Roaming\Code\User\globalStorage\vexrobotics.vexcode\sdk\cpp\V5\V5_20220726_10_00_00/vexv5\libv5rt.a(v5_startup.c.obj)
                0x038057c4                _fini
 .text.vexStdlibVersionLinked
                0x038057c8        0xc c:\Users\Benjamin Coleman\AppData\Roaming\Code\User\globalStorage\vexrobotics.vexcode\sdk\cpp\V5\V5_20220726_10_00_00/vexv5\libv5rt.a(v5_util.c.obj)
                0x038057c8                vexStdlibVersionLinked
 .text.vexStdlibVersionVerify
                0x038057d4       0x30 c:\Users\Benjamin Coleman\AppData\Roaming\Code\User\globalStorage\vexrobotics.vexcode\sdk\cpp\V5\V5_20220726_10_00_00/vexv5\libv5rt.a(v5_util.c.obj)
                0x038057d4                vexStdlibVersionVerify
 .text.vexPrivateApiEnable
                0x03805804       0x10 c:\Users\Benjamin Coleman\AppData\Roaming\Code\User\globalStorage\vexrobotics.vexcode\sdk\cpp\V5\V5_20220726_10_00_00/vexv5\libv5rt.a(v5_apijump.c.obj)
                0x03805804                vexPrivateApiEnable
 .text.vexStdlibMismatchError
                0x03805814       0x3c c:\Users\Benjamin Coleman\AppData\Roaming\Code\User\globalStorage\vexrobotics.vexcode\sdk\cpp\V5\V5_20220726_10_00_00/vexv5\libv5rt.a(v5_apijump.c.obj)
                0x03805814                vexStdlibMismatchError
 .text.vexTaskAdd
                0x03805850       0x10 c:\Users\Benjamin Coleman\AppData\Roaming\Code\User\globalStorage\vexrobotics.vexcode\sdk\cpp\V5\V5_20220726_10_00_00/vexv5\libv5rt.a(v5_apijump.c.obj)
                0x03805850                vexTaskAdd
 .text.vexTasksRun
                0x03805860       0x10 c:\Users\Benjamin Coleman\AppData\Roaming\Code\User\globalStorage\vexrobotics.vexcode\sdk\cpp\V5\V5_20220726_10_00_00/vexv5\libv5rt.a(v5_apijump.c.obj)
                0x03805860                vexTasksRun
 .text.vexTaskYield
                0x03805870       0x10 c:\Users\Benjamin Coleman\AppData\Roaming\Code\User\globalStorage\vexrobotics.vexcode\sdk\cpp\V5\V5_20220726_10_00_00/vexv5\libv5rt.a(v5_apijump.c.obj)
                0x03805870                vexTaskYield
 .text.vexTaskCheckTimeslice
                0x03805880       0x10 c:\Users\Benjamin Coleman\AppData\Roaming\Code\User\globalStorage\vexrobotics.vexcode\sdk\cpp\V5\V5_20220726_10_00_00/vexv5\libv5rt.a(v5_apijump.c.obj)
                0x03805880                vexTaskCheckTimeslice
 .text.vexTaskSleep
                0x03805890       0x10 c:\Users\Benjamin Coleman\AppData\Roaming\Code\User\globalStorage\vexrobotics.vexcode\sdk\cpp\V5\V5_20220726_10_00_00/vexv5\libv5rt.a(v5_apijump.c.obj)
                0x03805890                vexTaskSleep
 .text.vexTasksDump
                0x038058a0       0x1c c:\Users\Benjamin Coleman\AppData\Roaming\Code\User\globalStorage\vexrobotics.vexcode\sdk\cpp\V5\V5_20220726_10_00_00/vexv5\libv5rt.a(v5_apijump.c.obj)
                0x038058a0                vexTasksDump
 .text.vexTaskGetTaskIndex
                0x038058bc       0x10 c:\Users\Benjamin Coleman\AppData\Roaming\Code\User\globalStorage\vexrobotics.vexcode\sdk\cpp\V5\V5_20220726_10_00_00/vexv5\libv5rt.a(v5_apijump.c.obj)
                0x038058bc                vexTaskGetTaskIndex
 .text.vexTaskStopAll
                0x038058cc       0x10 c:\Users\Benjamin Coleman\AppData\Roaming\Code\User\globalStorage\vexrobotics.vexcode\sdk\cpp\V5\V5_20220726_10_00_00/vexv5\libv5rt.a(v5_apijump.c.obj)
                0x038058cc                vexTaskStopAll
 .text.vexTaskRemoveAllUser
                0x038058dc       0x34 c:\Users\Benjamin Coleman\AppData\Roaming\Code\User\globalStorage\vexrobotics.vexcode\sdk\cpp\V5\V5_20220726_10_00_00/vexv5\libv5rt.a(v5_apijump.c.obj)
                0x038058dc                vexTaskRemoveAllUser
 .text.vexTaskCompletionIdSet
                0x03805910       0x10 c:\Users\Benjamin Coleman\AppData\Roaming\Code\User\globalStorage\vexrobotics.vexcode\sdk\cpp\V5\V5_20220726_10_00_00/vexv5\libv5rt.a(v5_apijump.c.obj)
                0x03805910                vexTaskCompletionIdSet
 .text.vexTaskStopWithId
                0x03805920       0x10 c:\Users\Benjamin Coleman\AppData\Roaming\Code\User\globalStorage\vexrobotics.vexcode\sdk\cpp\V5\V5_20220726_10_00_00/vexv5\libv5rt.a(v5_apijump.c.obj)
                0x03805920                vexTaskStopWithId
 .text.vexCriticalSection
                0x03805930       0x2c c:\Users\Benjamin Coleman\AppData\Roaming\Code\User\globalStorage\vexrobotics.vexcode\sdk\cpp\V5\V5_20220726_10_00_00/vexv5\libv5rt.a(v5_apijump.c.obj)
                0x03805930                vexCriticalSection
 .text.vexEventBroadcast
                0x0380595c       0x24 c:\Users\Benjamin Coleman\AppData\Roaming\Code\User\globalStorage\vexrobotics.vexcode\sdk\cpp\V5\V5_20220726_10_00_00/vexv5\libv5rt.a(v5_apijump.c.obj)
                0x0380595c                vexEventBroadcast
 .text.vexEventAdd
                0x03805980       0x34 c:\Users\Benjamin Coleman\AppData\Roaming\Code\User\globalStorage\vexrobotics.vexcode\sdk\cpp\V5\V5_20220726_10_00_00/vexv5\libv5rt.a(v5_apijump.c.obj)
                0x03805980                vexEventAdd
 .text.vexEventUserIndexGet
                0x038059b4       0x1c c:\Users\Benjamin Coleman\AppData\Roaming\Code\User\globalStorage\vexrobotics.vexcode\sdk\cpp\V5\V5_20220726_10_00_00/vexv5\libv5rt.a(v5_apijump.c.obj)
                0x038059b4                vexEventUserIndexGet
 .text.vexEventAddWithArg
                0x038059d0       0x3c c:\Users\Benjamin Coleman\AppData\Roaming\Code\User\globalStorage\vexrobotics.vexcode\sdk\cpp\V5\V5_20220726_10_00_00/vexv5\libv5rt.a(v5_apijump.c.obj)
                0x038059d0                vexEventAddWithArg
 .text.vexEventsCleanup
                0x03805a0c       0x2c c:\Users\Benjamin Coleman\AppData\Roaming\Code\User\globalStorage\vexrobotics.vexcode\sdk\cpp\V5\V5_20220726_10_00_00/vexv5\libv5rt.a(v5_apijump.c.obj)
                0x03805a0c                vexEventsCleanup
 .text.vexDebug
                0x03805a38       0x38 c:\Users\Benjamin Coleman\AppData\Roaming\Code\User\globalStorage\vexrobotics.vexcode\sdk\cpp\V5\V5_20220726_10_00_00/vexv5\libv5rt.a(v5_apijump.c.obj)
                0x03805a38                vexDebug
 .text.vex_sprintf
                0x03805a70       0x40 c:\Users\Benjamin Coleman\AppData\Roaming\Code\User\globalStorage\vexrobotics.vexcode\sdk\cpp\V5\V5_20220726_10_00_00/vexv5\libv5rt.a(v5_apijump.c.obj)
                0x03805a70                vex_sprintf
 .text.vex_vsnprintf
                0x03805ab0       0x3c c:\Users\Benjamin Coleman\AppData\Roaming\Code\User\globalStorage\vexrobotics.vexcode\sdk\cpp\V5\V5_20220726_10_00_00/vexv5\libv5rt.a(v5_apijump.c.obj)
                0x03805ab0                vex_vsnprintf
 .text.vexSystemTimeGet
                0x03805aec       0x1c c:\Users\Benjamin Coleman\AppData\Roaming\Code\User\globalStorage\vexrobotics.vexcode\sdk\cpp\V5\V5_20220726_10_00_00/vexv5\libv5rt.a(v5_apijump.c.obj)
                0x03805aec                vexSystemTimeGet
 .text.vexSystemExitRequest
                0x03805b08       0x1c c:\Users\Benjamin Coleman\AppData\Roaming\Code\User\globalStorage\vexrobotics.vexcode\sdk\cpp\V5\V5_20220726_10_00_00/vexv5\libv5rt.a(v5_apijump.c.obj)
                0x03805b08                vexSystemExitRequest
 .text.vexDeviceGetByIndex
                0x03805b24       0x24 c:\Users\Benjamin Coleman\AppData\Roaming\Code\User\globalStorage\vexrobotics.vexcode\sdk\cpp\V5\V5_20220726_10_00_00/vexv5\libv5rt.a(v5_apijump.c.obj)
                0x03805b24                vexDeviceGetByIndex
 .text.vexControllerGet
                0x03805b48       0x2c c:\Users\Benjamin Coleman\AppData\Roaming\Code\User\globalStorage\vexrobotics.vexcode\sdk\cpp\V5\V5_20220726_10_00_00/vexv5\libv5rt.a(v5_apijump.c.obj)
                0x03805b48                vexControllerGet
 .text.vexControllerTextSet
                0x03805b74       0x74 c:\Users\Benjamin Coleman\AppData\Roaming\Code\User\globalStorage\vexrobotics.vexcode\sdk\cpp\V5\V5_20220726_10_00_00/vexv5\libv5rt.a(v5_apijump.c.obj)
                0x03805b74                vexControllerTextSet
 .text.vexDeviceAdiPortConfigSet
                0x03805be8       0x34 c:\Users\Benjamin Coleman\AppData\Roaming\Code\User\globalStorage\vexrobotics.vexcode\sdk\cpp\V5\V5_20220726_10_00_00/vexv5\libv5rt.a(v5_apijump.c.obj)
                0x03805be8                vexDeviceAdiPortConfigSet
 .text.vexDeviceAdiPortConfigGet
                0x03805c1c       0x2c c:\Users\Benjamin Coleman\AppData\Roaming\Code\User\globalStorage\vexrobotics.vexcode\sdk\cpp\V5\V5_20220726_10_00_00/vexv5\libv5rt.a(v5_apijump.c.obj)
                0x03805c1c                vexDeviceAdiPortConfigGet
 .text.vexDeviceAdiValueSet
                0x03805c48       0x34 c:\Users\Benjamin Coleman\AppData\Roaming\Code\User\globalStorage\vexrobotics.vexcode\sdk\cpp\V5\V5_20220726_10_00_00/vexv5\libv5rt.a(v5_apijump.c.obj)
                0x03805c48                vexDeviceAdiValueSet
 .text.vexDeviceAdiValueGet
                0x03805c7c       0x2c c:\Users\Benjamin Coleman\AppData\Roaming\Code\User\globalStorage\vexrobotics.vexcode\sdk\cpp\V5\V5_20220726_10_00_00/vexv5\libv5rt.a(v5_apijump.c.obj)
                0x03805c7c                vexDeviceAdiValueGet
 .text.vexDeviceMotorVelocitySet
                0x03805ca8       0x2c c:\Users\Benjamin Coleman\AppData\Roaming\Code\User\globalStorage\vexrobotics.vexcode\sdk\cpp\V5\V5_20220726_10_00_00/vexv5\libv5rt.a(v5_apijump.c.obj)
                0x03805ca8                vexDeviceMotorVelocitySet
 .text.vexDeviceMotorVoltageSet
                0x03805cd4       0x2c c:\Users\Benjamin Coleman\AppData\Roaming\Code\User\globalStorage\vexrobotics.vexcode\sdk\cpp\V5\V5_20220726_10_00_00/vexv5\libv5rt.a(v5_apijump.c.obj)
                0x03805cd4                vexDeviceMotorVoltageSet
 .text.vexDeviceMotorVelocityGet
                0x03805d00       0x24 c:\Users\Benjamin Coleman\AppData\Roaming\Code\User\globalStorage\vexrobotics.vexcode\sdk\cpp\V5\V5_20220726_10_00_00/vexv5\libv5rt.a(v5_apijump.c.obj)
                0x03805d00                vexDeviceMotorVelocityGet
 .text.vexDeviceMotorActualVelocityGet
                0x03805d24       0x24 c:\Users\Benjamin Coleman\AppData\Roaming\Code\User\globalStorage\vexrobotics.vexcode\sdk\cpp\V5\V5_20220726_10_00_00/vexv5\libv5rt.a(v5_apijump.c.obj)
                0x03805d24                vexDeviceMotorActualVelocityGet
 .text.vexDeviceMotorModeGet
                0x03805d48       0x24 c:\Users\Benjamin Coleman\AppData\Roaming\Code\User\globalStorage\vexrobotics.vexcode\sdk\cpp\V5\V5_20220726_10_00_00/vexv5\libv5rt.a(v5_apijump.c.obj)
                0x03805d48                vexDeviceMotorModeGet
 .text.vexDeviceMotorZeroPositionFlagGet
                0x03805d6c       0x24 c:\Users\Benjamin Coleman\AppData\Roaming\Code\User\globalStorage\vexrobotics.vexcode\sdk\cpp\V5\V5_20220726_10_00_00/vexv5\libv5rt.a(v5_apijump.c.obj)
                0x03805d6c                vexDeviceMotorZeroPositionFlagGet
 .text.vexDeviceMotorReverseFlagSet
                0x03805d90       0x2c c:\Users\Benjamin Coleman\AppData\Roaming\Code\User\globalStorage\vexrobotics.vexcode\sdk\cpp\V5\V5_20220726_10_00_00/vexv5\libv5rt.a(v5_apijump.c.obj)
                0x03805d90                vexDeviceMotorReverseFlagSet
 .text.vexDeviceMotorEncoderUnitsSet
                0x03805dbc       0x2c c:\Users\Benjamin Coleman\AppData\Roaming\Code\User\globalStorage\vexrobotics.vexcode\sdk\cpp\V5\V5_20220726_10_00_00/vexv5\libv5rt.a(v5_apijump.c.obj)
                0x03805dbc                vexDeviceMotorEncoderUnitsSet
 .text.vexDeviceMotorBrakeModeSet
                0x03805de8       0x2c c:\Users\Benjamin Coleman\AppData\Roaming\Code\User\globalStorage\vexrobotics.vexcode\sdk\cpp\V5\V5_20220726_10_00_00/vexv5\libv5rt.a(v5_apijump.c.obj)
                0x03805de8                vexDeviceMotorBrakeModeSet
 .text.vexDeviceMotorPositionSet
                0x03805e14       0x34 c:\Users\Benjamin Coleman\AppData\Roaming\Code\User\globalStorage\vexrobotics.vexcode\sdk\cpp\V5\V5_20220726_10_00_00/vexv5\libv5rt.a(v5_apijump.c.obj)
                0x03805e14                vexDeviceMotorPositionSet
 .text.vexDeviceMotorPositionGet
                0x03805e48       0x24 c:\Users\Benjamin Coleman\AppData\Roaming\Code\User\globalStorage\vexrobotics.vexcode\sdk\cpp\V5\V5_20220726_10_00_00/vexv5\libv5rt.a(v5_apijump.c.obj)
                0x03805e48                vexDeviceMotorPositionGet
 .text.vexDeviceMotorRelativeTargetSet
                0x03805e6c       0x3c c:\Users\Benjamin Coleman\AppData\Roaming\Code\User\globalStorage\vexrobotics.vexcode\sdk\cpp\V5\V5_20220726_10_00_00/vexv5\libv5rt.a(v5_apijump.c.obj)
                0x03805e6c                vexDeviceMotorRelativeTargetSet
 .text.vexDeviceMotorGearingSet
                0x03805ea8       0x2c c:\Users\Benjamin Coleman\AppData\Roaming\Code\User\globalStorage\vexrobotics.vexcode\sdk\cpp\V5\V5_20220726_10_00_00/vexv5\libv5rt.a(v5_apijump.c.obj)
                0x03805ea8                vexDeviceMotorGearingSet
 .text.vexDeviceMotorGearingGet
                0x03805ed4       0x24 c:\Users\Benjamin Coleman\AppData\Roaming\Code\User\globalStorage\vexrobotics.vexcode\sdk\cpp\V5\V5_20220726_10_00_00/vexv5\libv5rt.a(v5_apijump.c.obj)
                0x03805ed4                vexDeviceMotorGearingGet
 .text.vexDeviceImuReset
                0x03805ef8       0x24 c:\Users\Benjamin Coleman\AppData\Roaming\Code\User\globalStorage\vexrobotics.vexcode\sdk\cpp\V5\V5_20220726_10_00_00/vexv5\libv5rt.a(v5_apijump.c.obj)
                0x03805ef8                vexDeviceImuReset
 .text.vexDeviceImuHeadingGet
                0x03805f1c       0x24 c:\Users\Benjamin Coleman\AppData\Roaming\Code\User\globalStorage\vexrobotics.vexcode\sdk\cpp\V5\V5_20220726_10_00_00/vexv5\libv5rt.a(v5_apijump.c.obj)
                0x03805f1c                vexDeviceImuHeadingGet
 .text.vexDeviceImuDegreesGet
                0x03805f40       0x24 c:\Users\Benjamin Coleman\AppData\Roaming\Code\User\globalStorage\vexrobotics.vexcode\sdk\cpp\V5\V5_20220726_10_00_00/vexv5\libv5rt.a(v5_apijump.c.obj)
                0x03805f40                vexDeviceImuDegreesGet
 .text.vexDeviceImuStatusGet
                0x03805f64       0x24 c:\Users\Benjamin Coleman\AppData\Roaming\Code\User\globalStorage\vexrobotics.vexcode\sdk\cpp\V5\V5_20220726_10_00_00/vexv5\libv5rt.a(v5_apijump.c.obj)
                0x03805f64                vexDeviceImuStatusGet
 .text.vexDeviceOpticalHueGet
                0x03805f88       0x24 c:\Users\Benjamin Coleman\AppData\Roaming\Code\User\globalStorage\vexrobotics.vexcode\sdk\cpp\V5\V5_20220726_10_00_00/vexv5\libv5rt.a(v5_apijump.c.obj)
                0x03805f88                vexDeviceOpticalHueGet
 .text.vexDeviceOpticalLedPwmSet
                0x03805fac       0x2c c:\Users\Benjamin Coleman\AppData\Roaming\Code\User\globalStorage\vexrobotics.vexcode\sdk\cpp\V5\V5_20220726_10_00_00/vexv5\libv5rt.a(v5_apijump.c.obj)
                0x03805fac                vexDeviceOpticalLedPwmSet
 .text.vexDeviceOpticalGestureEnable
                0x03805fd8       0x24 c:\Users\Benjamin Coleman\AppData\Roaming\Code\User\globalStorage\vexrobotics.vexcode\sdk\cpp\V5\V5_20220726_10_00_00/vexv5\libv5rt.a(v5_apijump.c.obj)
                0x03805fd8                vexDeviceOpticalGestureEnable
 .text.vexDeviceOpticalGestureDisable
                0x03805ffc       0x24 c:\Users\Benjamin Coleman\AppData\Roaming\Code\User\globalStorage\vexrobotics.vexcode\sdk\cpp\V5\V5_20220726_10_00_00/vexv5\libv5rt.a(v5_apijump.c.obj)
                0x03805ffc                vexDeviceOpticalGestureDisable
 .text.vexDeviceOpticalProximityThreshold
                0x03806020       0x2c c:\Users\Benjamin Coleman\AppData\Roaming\Code\User\globalStorage\vexrobotics.vexcode\sdk\cpp\V5\V5_20220726_10_00_00/vexv5\libv5rt.a(v5_apijump.c.obj)
                0x03806020                vexDeviceOpticalProximityThreshold
 .text.vexDisplayForegroundColor
                0x0380604c       0x24 c:\Users\Benjamin Coleman\AppData\Roaming\Code\User\globalStorage\vexrobotics.vexcode\sdk\cpp\V5\V5_20220726_10_00_00/vexv5\libv5rt.a(v5_apijump.c.obj)
                0x0380604c                vexDisplayForegroundColor
 .text.vexDisplayBackgroundColor
                0x03806070       0x24 c:\Users\Benjamin Coleman\AppData\Roaming\Code\User\globalStorage\vexrobotics.vexcode\sdk\cpp\V5\V5_20220726_10_00_00/vexv5\libv5rt.a(v5_apijump.c.obj)
                0x03806070                vexDisplayBackgroundColor
 .text.vexDisplayBackgroundColorGet
                0x03806094       0x1c c:\Users\Benjamin Coleman\AppData\Roaming\Code\User\globalStorage\vexrobotics.vexcode\sdk\cpp\V5\V5_20220726_10_00_00/vexv5\libv5rt.a(v5_apijump.c.obj)
                0x03806094                vexDisplayBackgroundColorGet
 .text.vexDisplayRectDraw
                0x038060b0       0x4c c:\Users\Benjamin Coleman\AppData\Roaming\Code\User\globalStorage\vexrobotics.vexcode\sdk\cpp\V5\V5_20220726_10_00_00/vexv5\libv5rt.a(v5_apijump.c.obj)
                0x038060b0                vexDisplayRectDraw
 .text.vexDisplayRectClear
                0x038060fc       0x4c c:\Users\Benjamin Coleman\AppData\Roaming\Code\User\globalStorage\vexrobotics.vexcode\sdk\cpp\V5\V5_20220726_10_00_00/vexv5\libv5rt.a(v5_apijump.c.obj)
                0x038060fc                vexDisplayRectClear
 .text.vexDisplayVPrintf
                0x03806148       0x50 c:\Users\Benjamin Coleman\AppData\Roaming\Code\User\globalStorage\vexrobotics.vexcode\sdk\cpp\V5\V5_20220726_10_00_00/vexv5\libv5rt.a(v5_apijump.c.obj)
                0x03806148                vexDisplayVPrintf
 .text.vexDisplayTextReference
                0x03806198       0x24 c:\Users\Benjamin Coleman\AppData\Roaming\Code\User\globalStorage\vexrobotics.vexcode\sdk\cpp\V5\V5_20220726_10_00_00/vexv5\libv5rt.a(v5_apijump.c.obj)
                0x03806198                vexDisplayTextReference
 .text.vexDisplayTextSize
                0x038061bc       0x2c c:\Users\Benjamin Coleman\AppData\Roaming\Code\User\globalStorage\vexrobotics.vexcode\sdk\cpp\V5\V5_20220726_10_00_00/vexv5\libv5rt.a(v5_apijump.c.obj)
                0x038061bc                vexDisplayTextSize
 .text.vexDisplayFontNamedSet
                0x038061e8       0x24 c:\Users\Benjamin Coleman\AppData\Roaming\Code\User\globalStorage\vexrobotics.vexcode\sdk\cpp\V5\V5_20220726_10_00_00/vexv5\libv5rt.a(v5_apijump.c.obj)
                0x038061e8                vexDisplayFontNamedSet
 .text.vexDisplayStringWidthGet
                0x0380620c       0x24 c:\Users\Benjamin Coleman\AppData\Roaming\Code\User\globalStorage\vexrobotics.vexcode\sdk\cpp\V5\V5_20220726_10_00_00/vexv5\libv5rt.a(v5_apijump.c.obj)
                0x0380620c                vexDisplayStringWidthGet
 .text.vexDisplayPenSizeSet
                0x03806230       0x24 c:\Users\Benjamin Coleman\AppData\Roaming\Code\User\globalStorage\vexrobotics.vexcode\sdk\cpp\V5\V5_20220726_10_00_00/vexv5\libv5rt.a(v5_apijump.c.obj)
                0x03806230                vexDisplayPenSizeSet
 .text.vexDisplayPenSizeGet
                0x03806254       0x1c c:\Users\Benjamin Coleman\AppData\Roaming\Code\User\globalStorage\vexrobotics.vexcode\sdk\cpp\V5\V5_20220726_10_00_00/vexv5\libv5rt.a(v5_apijump.c.obj)
                0x03806254                vexDisplayPenSizeGet
 .text.vexSystemStdlibImpureDataAddr
                0x03806270       0x28 c:\Users\Benjamin Coleman\AppData\Roaming\Code\User\globalStorage\vexrobotics.vexcode\sdk\cpp\V5\V5_20220726_10_00_00/vexv5\libv5rt.a(v5_apijump.c.obj)
                0x03806270                vexSystemStdlibImpureDataAddr
 .text.vexSystemStdlibImpureDataSize
                0x03806298       0x28 c:\Users\Benjamin Coleman\AppData\Roaming\Code\User\globalStorage\vexrobotics.vexcode\sdk\cpp\V5\V5_20220726_10_00_00/vexv5\libv5rt.a(v5_apijump.c.obj)
                0x03806298                vexSystemStdlibImpureDataSize
 .text.vexSystemSaveUserData
                0x038062c0       0x3c c:\Users\Benjamin Coleman\AppData\Roaming\Code\User\globalStorage\vexrobotics.vexcode\sdk\cpp\V5\V5_20220726_10_00_00/vexv5\libv5rt.a(v5_apijump.c.obj)
                0x038062c0                vexSystemSaveUserData
 .text.vexDisplayThemeIdGet
                0x038062fc       0x38 c:\Users\Benjamin Coleman\AppData\Roaming\Code\User\globalStorage\vexrobotics.vexcode\sdk\cpp\V5\V5_20220726_10_00_00/vexv5\libv5rt.a(v5_apijump.c.obj)
                0x038062fc                vexDisplayThemeIdGet
 .text.vexDeviceEventMaskSet
                0x03806334       0x48 c:\Users\Benjamin Coleman\AppData\Roaming\Code\User\globalStorage\vexrobotics.vexcode\sdk\cpp\V5\V5_20220726_10_00_00/vexv5\libv5rt.a(v5_apijump.c.obj)
                0x03806334                vexDeviceEventMaskSet
 .text.vexDeviceEventMaskGet
                0x0380637c       0x3c c:\Users\Benjamin Coleman\AppData\Roaming\Code\User\globalStorage\vexrobotics.vexcode\sdk\cpp\V5\V5_20220726_10_00_00/vexv5\libv5rt.a(v5_apijump.c.obj)
                0x0380637c                vexDeviceEventMaskGet
 .text.vexSystemVersion
                0x038063b8       0x10 c:\Users\Benjamin Coleman\AppData\Roaming\Code\User\globalStorage\vexrobotics.vexcode\sdk\cpp\V5\V5_20220726_10_00_00/vexv5\libv5rt.a(v5_apiversions.c.obj)
                0x038063b8                vexSystemVersion
 .text.vexStdlibVersion
                0x038063c8       0x10 c:\Users\Benjamin Coleman\AppData\Roaming\Code\User\globalStorage\vexrobotics.vexcode\sdk\cpp\V5\V5_20220726_10_00_00/vexv5\libv5rt.a(v5_apiversions.c.obj)
                0x038063c8                vexStdlibVersion
 .text._ZN3vex4waitEdNS_9timeUnitsE
                0x038063d8       0x30 c:\Users\Benjamin Coleman\AppData\Roaming\Code\User\globalStorage\vexrobotics.vexcode\sdk\cpp\V5\V5_20220726_10_00_00/vexv5\libv5rt.a(vex_global.cpp.obj)
                0x038063d8                vex::wait(double, vex::timeUnits)
 .text._ZN3vex5motorD2Ev
                0x03806408       0x20 c:\Users\Benjamin Coleman\AppData\Roaming\Code\User\globalStorage\vexrobotics.vexcode\sdk\cpp\V5\V5_20220726_10_00_00/vexv5\libv5rt.a(vex_motor.cpp.obj)
                0x03806408                vex::motor::~motor()
                0x03806408                vex::motor::~motor()
 .text._ZN3vex5motorD0Ev
                0x03806428       0x1c c:\Users\Benjamin Coleman\AppData\Roaming\Code\User\globalStorage\vexrobotics.vexcode\sdk\cpp\V5\V5_20220726_10_00_00/vexv5\libv5rt.a(vex_motor.cpp.obj)
                0x03806428                vex::motor::~motor()
 .text._ZN3vex5motor9installedEv
                0x03806444       0x18 c:\Users\Benjamin Coleman\AppData\Roaming\Code\User\globalStorage\vexrobotics.vexcode\sdk\cpp\V5\V5_20220726_10_00_00/vexv5\libv5rt.a(vex_motor.cpp.obj)
                0x03806444                vex::motor::installed()
 .text._ZN3vex5motor15defaultStoppingENS_9brakeTypeE
                0x0380645c       0x30 c:\Users\Benjamin Coleman\AppData\Roaming\Code\User\globalStorage\vexrobotics.vexcode\sdk\cpp\V5\V5_20220726_10_00_00/vexv5\libv5rt.a(vex_motor.cpp.obj)
                0x0380645c                vex::motor::defaultStopping(vex::brakeType)
 .text._ZN3vex5motor8setBrakeENS_9brakeTypeE
                0x0380648c        0x4 c:\Users\Benjamin Coleman\AppData\Roaming\Code\User\globalStorage\vexrobotics.vexcode\sdk\cpp\V5\V5_20220726_10_00_00/vexv5\libv5rt.a(vex_motor.cpp.obj)
                0x0380648c                vex::motor::setBrake(vex::brakeType)
 .text._ZN3vex5motor11setStoppingENS_9brakeTypeE
                0x03806490        0x4 c:\Users\Benjamin Coleman\AppData\Roaming\Code\User\globalStorage\vexrobotics.vexcode\sdk\cpp\V5\V5_20220726_10_00_00/vexv5\libv5rt.a(vex_motor.cpp.obj)
                0x03806490                vex::motor::setStopping(vex::brakeType)
 .text._ZN3vex5motorC2El
                0x03806494       0x78 c:\Users\Benjamin Coleman\AppData\Roaming\Code\User\globalStorage\vexrobotics.vexcode\sdk\cpp\V5\V5_20220726_10_00_00/vexv5\libv5rt.a(vex_motor.cpp.obj)
                0x03806494                vex::motor::motor(long)
                0x03806494                vex::motor::motor(long)
 .text._ZN3vex5motorC2ElNS_11gearSettingEb
                0x0380650c       0x34 c:\Users\Benjamin Coleman\AppData\Roaming\Code\User\globalStorage\vexrobotics.vexcode\sdk\cpp\V5\V5_20220726_10_00_00/vexv5\libv5rt.a(vex_motor.cpp.obj)
                0x0380650c                vex::motor::motor(long, vex::gearSetting, bool)
                0x0380650c                vex::motor::motor(long, vex::gearSetting, bool)
 .text._ZN3vex5motor4spinENS_13directionTypeEdNS_12voltageUnitsE
                0x03806540       0x50 c:\Users\Benjamin Coleman\AppData\Roaming\Code\User\globalStorage\vexrobotics.vexcode\sdk\cpp\V5\V5_20220726_10_00_00/vexv5\libv5rt.a(vex_motor.cpp.obj)
                0x03806540                vex::motor::spin(vex::directionType, double, vex::voltageUnits)
 .text._ZN3vex5motor14isSpinningModeEv
                0x03806590       0x48 c:\Users\Benjamin Coleman\AppData\Roaming\Code\User\globalStorage\vexrobotics.vexcode\sdk\cpp\V5\V5_20220726_10_00_00/vexv5\libv5rt.a(vex_motor.cpp.obj)
                0x03806590                vex::motor::isSpinningMode()
 .text._ZN3vex5motor4stopENS_9brakeTypeE
                0x038065d8       0x30 c:\Users\Benjamin Coleman\AppData\Roaming\Code\User\globalStorage\vexrobotics.vexcode\sdk\cpp\V5\V5_20220726_10_00_00/vexv5\libv5rt.a(vex_motor.cpp.obj)
                0x038065d8                vex::motor::stop(vex::brakeType)
 .text._ZN3vex5motor4stopEv
                0x03806608        0x8 c:\Users\Benjamin Coleman\AppData\Roaming\Code\User\globalStorage\vexrobotics.vexcode\sdk\cpp\V5\V5_20220726_10_00_00/vexv5\libv5rt.a(vex_motor.cpp.obj)
                0x03806608                vex::motor::stop()
 .text._ZN3vex5motor16velocityToScaledEdNS_13velocityUnitsE
                0x03806610       0x5c c:\Users\Benjamin Coleman\AppData\Roaming\Code\User\globalStorage\vexrobotics.vexcode\sdk\cpp\V5\V5_20220726_10_00_00/vexv5\libv5rt.a(vex_motor.cpp.obj)
                0x03806610                vex::motor::velocityToScaled(double, vex::velocityUnits)
 .text._ZN3vex5motor8velocityENS_13velocityUnitsE
                0x0380666c       0x30 c:\Users\Benjamin Coleman\AppData\Roaming\Code\User\globalStorage\vexrobotics.vexcode\sdk\cpp\V5\V5_20220726_10_00_00/vexv5\libv5rt.a(vex_motor.cpp.obj)
                0x0380666c                vex::motor::velocity(vex::velocityUnits)
 .text._ZN3vex5motor5valueEv
                0x0380669c       0x1c c:\Users\Benjamin Coleman\AppData\Roaming\Code\User\globalStorage\vexrobotics.vexcode\sdk\cpp\V5\V5_20220726_10_00_00/vexv5\libv5rt.a(vex_motor.cpp.obj)
                0x0380669c                vex::motor::value()
 .text._ZN3vex5motor16scaledToVelocityEdNS_13velocityUnitsE
                0x038066b8       0xa4 c:\Users\Benjamin Coleman\AppData\Roaming\Code\User\globalStorage\vexrobotics.vexcode\sdk\cpp\V5\V5_20220726_10_00_00/vexv5\libv5rt.a(vex_motor.cpp.obj)
                0x038066b8                vex::motor::scaledToVelocity(double, vex::velocityUnits)
 .text._ZN3vex5motor4spinENS_13directionTypeEdNS_13velocityUnitsE
                0x0380675c       0x5c c:\Users\Benjamin Coleman\AppData\Roaming\Code\User\globalStorage\vexrobotics.vexcode\sdk\cpp\V5\V5_20220726_10_00_00/vexv5\libv5rt.a(vex_motor.cpp.obj)
                0x0380675c                vex::motor::spin(vex::directionType, double, vex::velocityUnits)
 .text._ZN3vex5motor11setVelocityEdNS_13velocityUnitsE
                0x038067b8       0x54 c:\Users\Benjamin Coleman\AppData\Roaming\Code\User\globalStorage\vexrobotics.vexcode\sdk\cpp\V5\V5_20220726_10_00_00/vexv5\libv5rt.a(vex_motor.cpp.obj)
                0x038067b8                vex::motor::setVelocity(double, vex::velocityUnits)
 .text._ZN3vex5motor16setRotationUnitsENS_13rotationUnitsE
                0x0380680c       0x1c c:\Users\Benjamin Coleman\AppData\Roaming\Code\User\globalStorage\vexrobotics.vexcode\sdk\cpp\V5\V5_20220726_10_00_00/vexv5\libv5rt.a(vex_motor.cpp.obj)
                0x0380680c                vex::motor::setRotationUnits(vex::rotationUnits)
 .text._ZN3vex5motor7spinForEdNS_13rotationUnitsEdNS_13velocityUnitsEb
                0x03806828       0xf4 c:\Users\Benjamin Coleman\AppData\Roaming\Code\User\globalStorage\vexrobotics.vexcode\sdk\cpp\V5\V5_20220726_10_00_00/vexv5\libv5rt.a(vex_motor.cpp.obj)
                0x03806828                vex::motor::spinFor(double, vex::rotationUnits, double, vex::velocityUnits, bool)
 .text._ZN3vex5motor7spinForEdNS_13rotationUnitsEb
                0x0380691c       0x34 c:\Users\Benjamin Coleman\AppData\Roaming\Code\User\globalStorage\vexrobotics.vexcode\sdk\cpp\V5\V5_20220726_10_00_00/vexv5\libv5rt.a(vex_motor.cpp.obj)
                0x0380691c                vex::motor::spinFor(double, vex::rotationUnits, bool)
 .text._ZN3vex5motor7spinForENS_13directionTypeEdNS_13rotationUnitsEb
                0x03806950       0x3c c:\Users\Benjamin Coleman\AppData\Roaming\Code\User\globalStorage\vexrobotics.vexcode\sdk\cpp\V5\V5_20220726_10_00_00/vexv5\libv5rt.a(vex_motor.cpp.obj)
                0x03806950                vex::motor::spinFor(vex::directionType, double, vex::rotationUnits, bool)
 .text._ZN3vex5motor8positionENS_13rotationUnitsE
                0x0380698c       0x44 c:\Users\Benjamin Coleman\AppData\Roaming\Code\User\globalStorage\vexrobotics.vexcode\sdk\cpp\V5\V5_20220726_10_00_00/vexv5\libv5rt.a(vex_motor.cpp.obj)
                0x0380698c                vex::motor::position(vex::rotationUnits)
 .text._ZN3vex8inertial11getTurnTypeEv
                0x038069d0        0x8 c:\Users\Benjamin Coleman\AppData\Roaming\Code\User\globalStorage\vexrobotics.vexcode\sdk\cpp\V5\V5_20220726_10_00_00/vexv5\libv5rt.a(vex_imu.cpp.obj)
                0x038069d0                vex::inertial::getTurnType()
 .text._ZThn16_N3vex8inertial11getTurnTypeEv
                0x038069d8        0x8 c:\Users\Benjamin Coleman\AppData\Roaming\Code\User\globalStorage\vexrobotics.vexcode\sdk\cpp\V5\V5_20220726_10_00_00/vexv5\libv5rt.a(vex_imu.cpp.obj)
                0x038069d8                non-virtual thunk to vex::inertial::getTurnType()
 .text._ZN3vex8inertial10setHeadingEdNS_13rotationUnitsE
                0x038069e0       0x58 c:\Users\Benjamin Coleman\AppData\Roaming\Code\User\globalStorage\vexrobotics.vexcode\sdk\cpp\V5\V5_20220726_10_00_00/vexv5\libv5rt.a(vex_imu.cpp.obj)
                0x038069e0                vex::inertial::setHeading(double, vex::rotationUnits)
 .text._ZThn16_N3vex8inertial10setHeadingEdNS_13rotationUnitsE
                0x03806a38        0x8 c:\Users\Benjamin Coleman\AppData\Roaming\Code\User\globalStorage\vexrobotics.vexcode\sdk\cpp\V5\V5_20220726_10_00_00/vexv5\libv5rt.a(vex_imu.cpp.obj)
                0x03806a38                non-virtual thunk to vex::inertial::setHeading(double, vex::rotationUnits)
 .text._ZN3vex8inertial11setRotationEdNS_13rotationUnitsE
                0x03806a40       0x58 c:\Users\Benjamin Coleman\AppData\Roaming\Code\User\globalStorage\vexrobotics.vexcode\sdk\cpp\V5\V5_20220726_10_00_00/vexv5\libv5rt.a(vex_imu.cpp.obj)
                0x03806a40                vex::inertial::setRotation(double, vex::rotationUnits)
 .text._ZThn16_N3vex8inertial11setRotationEdNS_13rotationUnitsE
                0x03806a98        0x8 c:\Users\Benjamin Coleman\AppData\Roaming\Code\User\globalStorage\vexrobotics.vexcode\sdk\cpp\V5\V5_20220726_10_00_00/vexv5\libv5rt.a(vex_imu.cpp.obj)
                0x03806a98                non-virtual thunk to vex::inertial::setRotation(double, vex::rotationUnits)
 .text._ZN3vex8inertialD2Ev
                0x03806aa0       0x20 c:\Users\Benjamin Coleman\AppData\Roaming\Code\User\globalStorage\vexrobotics.vexcode\sdk\cpp\V5\V5_20220726_10_00_00/vexv5\libv5rt.a(vex_imu.cpp.obj)
                0x03806aa0                vex::inertial::~inertial()
                0x03806aa0                vex::inertial::~inertial()
 .text._ZThn16_N3vex8inertialD1Ev
                0x03806ac0        0x8 c:\Users\Benjamin Coleman\AppData\Roaming\Code\User\globalStorage\vexrobotics.vexcode\sdk\cpp\V5\V5_20220726_10_00_00/vexv5\libv5rt.a(vex_imu.cpp.obj)
                0x03806ac0                non-virtual thunk to vex::inertial::~inertial()
 .text._ZN3vex8inertialD0Ev
                0x03806ac8       0x1c c:\Users\Benjamin Coleman\AppData\Roaming\Code\User\globalStorage\vexrobotics.vexcode\sdk\cpp\V5\V5_20220726_10_00_00/vexv5\libv5rt.a(vex_imu.cpp.obj)
                0x03806ac8                vex::inertial::~inertial()
 .text._ZThn16_N3vex8inertialD0Ev
                0x03806ae4        0x8 c:\Users\Benjamin Coleman\AppData\Roaming\Code\User\globalStorage\vexrobotics.vexcode\sdk\cpp\V5\V5_20220726_10_00_00/vexv5\libv5rt.a(vex_imu.cpp.obj)
                0x03806ae4                non-virtual thunk to vex::inertial::~inertial()
 .text._ZN3vex8inertial9installedEv
                0x03806aec       0x18 c:\Users\Benjamin Coleman\AppData\Roaming\Code\User\globalStorage\vexrobotics.vexcode\sdk\cpp\V5\V5_20220726_10_00_00/vexv5\libv5rt.a(vex_imu.cpp.obj)
                0x03806aec                vex::inertial::installed()
 .text._ZN3vex8inertial5angleENS_13rotationUnitsE
                0x03806b04       0x6c c:\Users\Benjamin Coleman\AppData\Roaming\Code\User\globalStorage\vexrobotics.vexcode\sdk\cpp\V5\V5_20220726_10_00_00/vexv5\libv5rt.a(vex_imu.cpp.obj)
                0x03806b04                vex::inertial::angle(vex::rotationUnits)
 .text._ZThn16_N3vex8inertial5angleENS_13rotationUnitsE
                0x03806b70        0x8 c:\Users\Benjamin Coleman\AppData\Roaming\Code\User\globalStorage\vexrobotics.vexcode\sdk\cpp\V5\V5_20220726_10_00_00/vexv5\libv5rt.a(vex_imu.cpp.obj)
                0x03806b70                non-virtual thunk to vex::inertial::angle(vex::rotationUnits)
 .text._ZN3vex8inertial7headingENS_13rotationUnitsE
                0x03806b78        0x4 c:\Users\Benjamin Coleman\AppData\Roaming\Code\User\globalStorage\vexrobotics.vexcode\sdk\cpp\V5\V5_20220726_10_00_00/vexv5\libv5rt.a(vex_imu.cpp.obj)
                0x03806b78                vex::inertial::heading(vex::rotationUnits)
 .text._ZThn16_N3vex8inertial7headingENS_13rotationUnitsE
                0x03806b7c        0x8 c:\Users\Benjamin Coleman\AppData\Roaming\Code\User\globalStorage\vexrobotics.vexcode\sdk\cpp\V5\V5_20220726_10_00_00/vexv5\libv5rt.a(vex_imu.cpp.obj)
                0x03806b7c                non-virtual thunk to vex::inertial::heading(vex::rotationUnits)
 .text._ZN3vex8inertial5valueEv
                0x03806b84       0x1c c:\Users\Benjamin Coleman\AppData\Roaming\Code\User\globalStorage\vexrobotics.vexcode\sdk\cpp\V5\V5_20220726_10_00_00/vexv5\libv5rt.a(vex_imu.cpp.obj)
                0x03806b84                vex::inertial::value()
 .text._ZN3vex8inertial8rotationENS_13rotationUnitsE
                0x03806ba0       0x48 c:\Users\Benjamin Coleman\AppData\Roaming\Code\User\globalStorage\vexrobotics.vexcode\sdk\cpp\V5\V5_20220726_10_00_00/vexv5\libv5rt.a(vex_imu.cpp.obj)
                0x03806ba0                vex::inertial::rotation(vex::rotationUnits)
 .text._ZThn16_N3vex8inertial8rotationENS_13rotationUnitsE
                0x03806be8        0x8 c:\Users\Benjamin Coleman\AppData\Roaming\Code\User\globalStorage\vexrobotics.vexcode\sdk\cpp\V5\V5_20220726_10_00_00/vexv5\libv5rt.a(vex_imu.cpp.obj)
                0x03806be8                non-virtual thunk to vex::inertial::rotation(vex::rotationUnits)
 .text._ZN3vex8inertial13isCalibratingEv
                0x03806bf0       0x38 c:\Users\Benjamin Coleman\AppData\Roaming\Code\User\globalStorage\vexrobotics.vexcode\sdk\cpp\V5\V5_20220726_10_00_00/vexv5\libv5rt.a(vex_imu.cpp.obj)
                0x03806bf0                vex::inertial::isCalibrating()
 .text._ZThn16_N3vex8inertial13isCalibratingEv
                0x03806c28        0x8 c:\Users\Benjamin Coleman\AppData\Roaming\Code\User\globalStorage\vexrobotics.vexcode\sdk\cpp\V5\V5_20220726_10_00_00/vexv5\libv5rt.a(vex_imu.cpp.obj)
                0x03806c28                non-virtual thunk to vex::inertial::isCalibrating()
 .text._ZN3vex8inertialC2ElNS_8turnTypeE
                0x03806c30       0x4c c:\Users\Benjamin Coleman\AppData\Roaming\Code\User\globalStorage\vexrobotics.vexcode\sdk\cpp\V5\V5_20220726_10_00_00/vexv5\libv5rt.a(vex_imu.cpp.obj)
                0x03806c30                vex::inertial::inertial(long, vex::turnType)
                0x03806c30                vex::inertial::inertial(long, vex::turnType)
 .text._ZN3vex8inertial16startCalibrationEl
                0x03806c7c       0x20 c:\Users\Benjamin Coleman\AppData\Roaming\Code\User\globalStorage\vexrobotics.vexcode\sdk\cpp\V5\V5_20220726_10_00_00/vexv5\libv5rt.a(vex_imu.cpp.obj)
                0x03806c7c                vex::inertial::startCalibration(long)
 .text._ZN3vex8inertial9calibrateEl
                0x03806c9c        0xc c:\Users\Benjamin Coleman\AppData\Roaming\Code\User\globalStorage\vexrobotics.vexcode\sdk\cpp\V5\V5_20220726_10_00_00/vexv5\libv5rt.a(vex_imu.cpp.obj)
                0x03806c9c                vex::inertial::calibrate(long)
                0x03806ca0                non-virtual thunk to vex::inertial::calibrate(long)
 .text._ZN3vex7opticalD2Ev
                0x03806ca8       0x20 c:\Users\Benjamin Coleman\AppData\Roaming\Code\User\globalStorage\vexrobotics.vexcode\sdk\cpp\V5\V5_20220726_10_00_00/vexv5\libv5rt.a(vex_optical.cpp.obj)
                0x03806ca8                vex::optical::~optical()
                0x03806ca8                vex::optical::~optical()
 .text._ZN3vex7opticalD0Ev
                0x03806cc8       0x1c c:\Users\Benjamin Coleman\AppData\Roaming\Code\User\globalStorage\vexrobotics.vexcode\sdk\cpp\V5\V5_20220726_10_00_00/vexv5\libv5rt.a(vex_optical.cpp.obj)
                0x03806cc8                vex::optical::~optical()
 .text._ZN3vex7optical9installedEv
                0x03806ce4       0x18 c:\Users\Benjamin Coleman\AppData\Roaming\Code\User\globalStorage\vexrobotics.vexcode\sdk\cpp\V5\V5_20220726_10_00_00/vexv5\libv5rt.a(vex_optical.cpp.obj)
                0x03806ce4                vex::optical::installed()
 .text._ZN3vex7optical3hueEv
                0x03806cfc        0x8 c:\Users\Benjamin Coleman\AppData\Roaming\Code\User\globalStorage\vexrobotics.vexcode\sdk\cpp\V5\V5_20220726_10_00_00/vexv5\libv5rt.a(vex_optical.cpp.obj)
                0x03806cfc                vex::optical::hue()
 .text._ZN3vex7optical5valueEv
                0x03806d04       0x18 c:\Users\Benjamin Coleman\AppData\Roaming\Code\User\globalStorage\vexrobotics.vexcode\sdk\cpp\V5\V5_20220726_10_00_00/vexv5\libv5rt.a(vex_optical.cpp.obj)
                0x03806d04                vex::optical::value()
 .text._ZN3vex7optical5colorEv
                0x03806d1c       0xd0 c:\Users\Benjamin Coleman\AppData\Roaming\Code\User\globalStorage\vexrobotics.vexcode\sdk\cpp\V5\V5_20220726_10_00_00/vexv5\libv5rt.a(vex_optical.cpp.obj)
                0x03806d1c                vex::optical::color()
 .text._ZN3vex7optical8setLightENS_8ledStateE
                0x03806dec       0x18 c:\Users\Benjamin Coleman\AppData\Roaming\Code\User\globalStorage\vexrobotics.vexcode\sdk\cpp\V5\V5_20220726_10_00_00/vexv5\libv5rt.a(vex_optical.cpp.obj)
                0x03806dec                vex::optical::setLight(vex::ledState)
 .text._ZN3vex7optical13gestureEnableEv
                0x03806e04        0x8 c:\Users\Benjamin Coleman\AppData\Roaming\Code\User\globalStorage\vexrobotics.vexcode\sdk\cpp\V5\V5_20220726_10_00_00/vexv5\libv5rt.a(vex_optical.cpp.obj)
                0x03806e04                vex::optical::gestureEnable()
 .text._ZN3vex7optical14gestureDisableEv
                0x03806e0c        0x8 c:\Users\Benjamin Coleman\AppData\Roaming\Code\User\globalStorage\vexrobotics.vexcode\sdk\cpp\V5\V5_20220726_10_00_00/vexv5\libv5rt.a(vex_optical.cpp.obj)
                0x03806e0c                vex::optical::gestureDisable()
 .text._ZN3vex7opticalC2Elb
                0x03806e14       0x54 c:\Users\Benjamin Coleman\AppData\Roaming\Code\User\globalStorage\vexrobotics.vexcode\sdk\cpp\V5\V5_20220726_10_00_00/vexv5\libv5rt.a(vex_optical.cpp.obj)
                0x03806e14                vex::optical::optical(long, bool)
                0x03806e14                vex::optical::optical(long, bool)
 .text._ZN3vex10controllerD2Ev
                0x03806e68        0x4 c:\Users\Benjamin Coleman\AppData\Roaming\Code\User\globalStorage\vexrobotics.vexcode\sdk\cpp\V5\V5_20220726_10_00_00/vexv5\libv5rt.a(vex_controller.cpp.obj)
                0x03806e68                vex::controller::~controller()
                0x03806e68                vex::controller::~controller()
 .text._ZN3vex10controller5valueE19_V5_ControllerIndex
                0x03806e6c        0x8 c:\Users\Benjamin Coleman\AppData\Roaming\Code\User\globalStorage\vexrobotics.vexcode\sdk\cpp\V5\V5_20220726_10_00_00/vexv5\libv5rt.a(vex_controller.cpp.obj)
                0x03806e6c                vex::controller::value(_V5_ControllerIndex)
 .text._ZN3vex10controller6rumbleEPKc
                0x03806e74       0x4c c:\Users\Benjamin Coleman\AppData\Roaming\Code\User\globalStorage\vexrobotics.vexcode\sdk\cpp\V5\V5_20220726_10_00_00/vexv5\libv5rt.a(vex_controller.cpp.obj)
                0x03806e74                vex::controller::rumble(char const*)
 .text._ZNK3vex10controller6button8pressingEv
                0x03806ec0       0xc8 c:\Users\Benjamin Coleman\AppData\Roaming\Code\User\globalStorage\vexrobotics.vexcode\sdk\cpp\V5\V5_20220726_10_00_00/vexv5\libv5rt.a(vex_controller.cpp.obj)
                0x03806ec0                vex::controller::button::pressing() const
 .text._ZNK3vex10controller6button7pressedEPFvvE
                0x03806f88      0x108 c:\Users\Benjamin Coleman\AppData\Roaming\Code\User\globalStorage\vexrobotics.vexcode\sdk\cpp\V5\V5_20220726_10_00_00/vexv5\libv5rt.a(vex_controller.cpp.obj)
                0x03806f88                vex::controller::button::pressed(void (*)()) const
 .text._ZNK3vex10controller6button21_buttonToPressedEventEv
                0x03807090       0x20 c:\Users\Benjamin Coleman\AppData\Roaming\Code\User\globalStorage\vexrobotics.vexcode\sdk\cpp\V5\V5_20220726_10_00_00/vexv5\libv5rt.a(vex_controller.cpp.obj)
                0x03807090                vex::controller::button::_buttonToPressedEvent() const
 .text._ZNK3vex10controller6button22_buttonToReleasedEventEv
                0x038070b0       0x20 c:\Users\Benjamin Coleman\AppData\Roaming\Code\User\globalStorage\vexrobotics.vexcode\sdk\cpp\V5\V5_20220726_10_00_00/vexv5\libv5rt.a(vex_controller.cpp.obj)
                0x038070b0                vex::controller::button::_buttonToReleasedEvent() const
 .text._ZN3vex10controller6buttonC2ENS0_11tButtonTypeEPS0_
                0x038070d0       0x48 c:\Users\Benjamin Coleman\AppData\Roaming\Code\User\globalStorage\vexrobotics.vexcode\sdk\cpp\V5\V5_20220726_10_00_00/vexv5\libv5rt.a(vex_controller.cpp.obj)
                0x038070d0                vex::controller::button::button(vex::controller::tButtonType, vex::controller*)
                0x038070d0                vex::controller::button::button(vex::controller::tButtonType, vex::controller*)
 .text._ZNK3vex10controller4axis5valueEv
                0x03807118       0x58 c:\Users\Benjamin Coleman\AppData\Roaming\Code\User\globalStorage\vexrobotics.vexcode\sdk\cpp\V5\V5_20220726_10_00_00/vexv5\libv5rt.a(vex_controller.cpp.obj)
                0x03807118                vex::controller::axis::value() const
 .text._ZNK3vex10controller4axis8positionENS_12percentUnitsE
                0x03807170       0x1c c:\Users\Benjamin Coleman\AppData\Roaming\Code\User\globalStorage\vexrobotics.vexcode\sdk\cpp\V5\V5_20220726_10_00_00/vexv5\libv5rt.a(vex_controller.cpp.obj)
                0x03807170                vex::controller::axis::position(vex::percentUnits) const
 .text._ZNK3vex10controller4axis23_joystickToChangedEventEv
                0x0380718c       0x20 c:\Users\Benjamin Coleman\AppData\Roaming\Code\User\globalStorage\vexrobotics.vexcode\sdk\cpp\V5\V5_20220726_10_00_00/vexv5\libv5rt.a(vex_controller.cpp.obj)
                0x0380718c                vex::controller::axis::_joystickToChangedEvent() const
 .text._ZN3vex10controller4axisC2ENS0_9tAxisTypeEPS0_
                0x038071ac       0x2c c:\Users\Benjamin Coleman\AppData\Roaming\Code\User\globalStorage\vexrobotics.vexcode\sdk\cpp\V5\V5_20220726_10_00_00/vexv5\libv5rt.a(vex_controller.cpp.obj)
                0x038071ac                vex::controller::axis::axis(vex::controller::tAxisType, vex::controller*)
                0x038071ac                vex::controller::axis::axis(vex::controller::tAxisType, vex::controller*)
 .text._ZN3vex10controllerC2ENS_14controllerTypeE
                0x038071d8      0x16c c:\Users\Benjamin Coleman\AppData\Roaming\Code\User\globalStorage\vexrobotics.vexcode\sdk\cpp\V5\V5_20220726_10_00_00/vexv5\libv5rt.a(vex_controller.cpp.obj)
                0x038071d8                vex::controller::controller(vex::controllerType)
                0x038071d8                vex::controller::controller(vex::controllerType)
 .text._ZN3vex10controller3lcd15getControllerIdEv
                0x03807344       0x10 c:\Users\Benjamin Coleman\AppData\Roaming\Code\User\globalStorage\vexrobotics.vexcode\sdk\cpp\V5\V5_20220726_10_00_00/vexv5\libv5rt.a(vex_controller.cpp.obj)
                0x03807344                vex::controller::lcd::getControllerId()
 .text._ZN3vex10controller3lcd9setCursorEll
                0x03807354       0x40 c:\Users\Benjamin Coleman\AppData\Roaming\Code\User\globalStorage\vexrobotics.vexcode\sdk\cpp\V5\V5_20220726_10_00_00/vexv5\libv5rt.a(vex_controller.cpp.obj)
                0x03807354                vex::controller::lcd::setCursor(long, long)
 .text._ZN3vex10controller3lcd5printEPKcz
                0x03807394       0x80 c:\Users\Benjamin Coleman\AppData\Roaming\Code\User\globalStorage\vexrobotics.vexcode\sdk\cpp\V5\V5_20220726_10_00_00/vexv5\libv5rt.a(vex_controller.cpp.obj)
                0x03807394                vex::controller::lcd::print(char const*, ...)
 .text._ZN3vex10controller3lcd9clearLineEi
                0x03807414       0x80 c:\Users\Benjamin Coleman\AppData\Roaming\Code\User\globalStorage\vexrobotics.vexcode\sdk\cpp\V5\V5_20220726_10_00_00/vexv5\libv5rt.a(vex_controller.cpp.obj)
                0x03807414                vex::controller::lcd::clearLine(int)
 .text._ZN3vex10controller3lcd11clearScreenEv
                0x03807494       0x5c c:\Users\Benjamin Coleman\AppData\Roaming\Code\User\globalStorage\vexrobotics.vexcode\sdk\cpp\V5\V5_20220726_10_00_00/vexv5\libv5rt.a(vex_controller.cpp.obj)
                0x03807494                vex::controller::lcd::clearScreen()
 .text._ZN3vex4taskC2EPFivE
                0x038074f0       0x5c c:\Users\Benjamin Coleman\AppData\Roaming\Code\User\globalStorage\vexrobotics.vexcode\sdk\cpp\V5\V5_20220726_10_00_00/vexv5\libv5rt.a(vex_task.cpp.obj)
                0x038074f0                vex::task::task(int (*)())
                0x038074f0                vex::task::task(int (*)())
 .text._ZN3vex4taskD2Ev
                0x0380754c        0x4 c:\Users\Benjamin Coleman\AppData\Roaming\Code\User\globalStorage\vexrobotics.vexcode\sdk\cpp\V5\V5_20220726_10_00_00/vexv5\libv5rt.a(vex_task.cpp.obj)
                0x0380754c                vex::task::~task()
                0x0380754c                vex::task::~task()
 .text._ZN3vex4task4stopEPvi
                0x03807550       0x1c c:\Users\Benjamin Coleman\AppData\Roaming\Code\User\globalStorage\vexrobotics.vexcode\sdk\cpp\V5\V5_20220726_10_00_00/vexv5\libv5rt.a(vex_task.cpp.obj)
                0x03807550                vex::task::stop(void*, int)
 .text._ZN3vex4task5sleepEm
                0x0380756c        0x4 c:\Users\Benjamin Coleman\AppData\Roaming\Code\User\globalStorage\vexrobotics.vexcode\sdk\cpp\V5\V5_20220726_10_00_00/vexv5\libv5rt.a(vex_task.cpp.obj)
                0x0380756c                vex::task::sleep(unsigned long)
 .text._ZN3vex4task6_indexEPFivE
                0x03807570       0x14 c:\Users\Benjamin Coleman\AppData\Roaming\Code\User\globalStorage\vexrobotics.vexcode\sdk\cpp\V5\V5_20220726_10_00_00/vexv5\libv5rt.a(vex_task.cpp.obj)
                0x03807570                vex::task::_index(int (*)())
 .text._ZN3vex4task8_stopAllEv
                0x03807584       0x3c c:\Users\Benjamin Coleman\AppData\Roaming\Code\User\globalStorage\vexrobotics.vexcode\sdk\cpp\V5\V5_20220726_10_00_00/vexv5\libv5rt.a(vex_task.cpp.obj)
                0x03807584                vex::task::_stopAll()
 .text._ZN3vex6threadC2EPFivE
                0x038075c0       0x5c c:\Users\Benjamin Coleman\AppData\Roaming\Code\User\globalStorage\vexrobotics.vexcode\sdk\cpp\V5\V5_20220726_10_00_00/vexv5\libv5rt.a(vex_thread.cpp.obj)
                0x038075c0                vex::thread::thread(int (*)())
                0x038075c0                vex::thread::thread(int (*)())
 .text._ZN3vex6threadD2Ev
                0x0380761c        0x4 c:\Users\Benjamin Coleman\AppData\Roaming\Code\User\globalStorage\vexrobotics.vexcode\sdk\cpp\V5\V5_20220726_10_00_00/vexv5\libv5rt.a(vex_thread.cpp.obj)
                0x0380761c                vex::thread::~thread()
                0x0380761c                vex::thread::~thread()
 .text._ZN3vex11this_thread9sleep_forEm
                0x03807620        0x4 c:\Users\Benjamin Coleman\AppData\Roaming\Code\User\globalStorage\vexrobotics.vexcode\sdk\cpp\V5\V5_20220726_10_00_00/vexv5\libv5rt.a(vex_thread.cpp.obj)
                0x03807620                vex::this_thread::sleep_for(unsigned long)
 .text._ZN3vex5eventC2Ev
                0x03807624        0xc c:\Users\Benjamin Coleman\AppData\Roaming\Code\User\globalStorage\vexrobotics.vexcode\sdk\cpp\V5\V5_20220726_10_00_00/vexv5\libv5rt.a(vex_event.cpp.obj)
                0x03807624                vex::event::event()
                0x03807624                vex::event::event()
 .text._ZN3vex5eventD2Ev
                0x03807630        0x4 c:\Users\Benjamin Coleman\AppData\Roaming\Code\User\globalStorage\vexrobotics.vexcode\sdk\cpp\V5\V5_20220726_10_00_00/vexv5\libv5rt.a(vex_event.cpp.obj)
                0x03807630                vex::event::~event()
                0x03807630                vex::event::~event()
 .text._ZN3vex5event3setEPFvvE
                0x03807634       0x54 c:\Users\Benjamin Coleman\AppData\Roaming\Code\User\globalStorage\vexrobotics.vexcode\sdk\cpp\V5\V5_20220726_10_00_00/vexv5\libv5rt.a(vex_event.cpp.obj)
                0x03807634                vex::event::set(void (*)())
 .text._ZN3vex5eventclEPFvvE
                0x03807688        0x4 c:\Users\Benjamin Coleman\AppData\Roaming\Code\User\globalStorage\vexrobotics.vexcode\sdk\cpp\V5\V5_20220726_10_00_00/vexv5\libv5rt.a(vex_event.cpp.obj)
                0x03807688                vex::event::operator()(void (*)())
 .text._ZN3vex5event4initEmmPFvvE
                0x0380768c        0x4 c:\Users\Benjamin Coleman\AppData\Roaming\Code\User\globalStorage\vexrobotics.vexcode\sdk\cpp\V5\V5_20220726_10_00_00/vexv5\libv5rt.a(vex_event.cpp.obj)
                0x0380768c                vex::event::init(unsigned long, unsigned long, void (*)())
 .text._ZN3vex5event4initEmmPFvPvES1_
                0x03807690        0x4 c:\Users\Benjamin Coleman\AppData\Roaming\Code\User\globalStorage\vexrobotics.vexcode\sdk\cpp\V5\V5_20220726_10_00_00/vexv5\libv5rt.a(vex_event.cpp.obj)
                0x03807690                vex::event::init(unsigned long, unsigned long, void (*)(void*), void*)
 .text._ZN3vex5event9userindexEv
                0x03807694        0x4 c:\Users\Benjamin Coleman\AppData\Roaming\Code\User\globalStorage\vexrobotics.vexcode\sdk\cpp\V5\V5_20220726_10_00_00/vexv5\libv5rt.a(vex_event.cpp.obj)
                0x03807694                vex::event::userindex()
 .text._ZN3vex5event9broadcastEv
                0x03807698       0x10 c:\Users\Benjamin Coleman\AppData\Roaming\Code\User\globalStorage\vexrobotics.vexcode\sdk\cpp\V5\V5_20220726_10_00_00/vexv5\libv5rt.a(vex_event.cpp.obj)
                0x03807698                vex::event::broadcast()
 .text._ZZN3vex6meventC4EmmENUlvE_4_FUNEv
                0x038076a8        0x4 c:\Users\Benjamin Coleman\AppData\Roaming\Code\User\globalStorage\vexrobotics.vexcode\sdk\cpp\V5\V5_20220726_10_00_00/vexv5\libv5rt.a(vex_mevent.cpp.obj)
 .text._ZN3vex6meventC2Emm
                0x038076ac       0x70 c:\Users\Benjamin Coleman\AppData\Roaming\Code\User\globalStorage\vexrobotics.vexcode\sdk\cpp\V5\V5_20220726_10_00_00/vexv5\libv5rt.a(vex_mevent.cpp.obj)
                0x038076ac                vex::mevent::mevent(unsigned long, unsigned long)
                0x038076ac                vex::mevent::mevent(unsigned long, unsigned long)
 .text._ZN3vex5brain9_getIndexEv
                0x0380771c       0x10 c:\Users\Benjamin Coleman\AppData\Roaming\Code\User\globalStorage\vexrobotics.vexcode\sdk\cpp\V5\V5_20220726_10_00_00/vexv5\libv5rt.a(vex_brain.cpp.obj)
                0x0380771c                vex::brain::_getIndex()
 .text._ZN3vex5brain10resetTimerEv
                0x0380772c        0x8 c:\Users\Benjamin Coleman\AppData\Roaming\Code\User\globalStorage\vexrobotics.vexcode\sdk\cpp\V5\V5_20220726_10_00_00/vexv5\libv5rt.a(vex_brain.cpp.obj)
                0x0380772c                vex::brain::resetTimer()
 .text._ZN3vex5brain3lcd9setCursorEll
                0x03807734       0x44 c:\Users\Benjamin Coleman\AppData\Roaming\Code\User\globalStorage\vexrobotics.vexcode\sdk\cpp\V5\V5_20220726_10_00_00/vexv5\libv5rt.a(vex_brain.cpp.obj)
                0x03807734                vex::brain::lcd::setCursor(long, long)
 .text._ZN3vex5brain3lcd7setFontENS_8fontTypeE
                0x03807778      0x23c c:\Users\Benjamin Coleman\AppData\Roaming\Code\User\globalStorage\vexrobotics.vexcode\sdk\cpp\V5\V5_20220726_10_00_00/vexv5\libv5rt.a(vex_brain.cpp.obj)
                0x03807778                vex::brain::lcd::setFont(vex::fontType)
 .text._ZN3vex5brain3lcdC2Ev
                0x038079b4       0x94 c:\Users\Benjamin Coleman\AppData\Roaming\Code\User\globalStorage\vexrobotics.vexcode\sdk\cpp\V5\V5_20220726_10_00_00/vexv5\libv5rt.a(vex_brain.cpp.obj)
                0x038079b4                vex::brain::lcd::lcd()
                0x038079b4                vex::brain::lcd::lcd()
 .text._ZN3vex5brainC2Ev
                0x03807a48       0x3c c:\Users\Benjamin Coleman\AppData\Roaming\Code\User\globalStorage\vexrobotics.vexcode\sdk\cpp\V5\V5_20220726_10_00_00/vexv5\libv5rt.a(vex_brain.cpp.obj)
                0x03807a48                vex::brain::brain()
                0x03807a48                vex::brain::brain()
 .text._ZN3vex5brain3lcd11setPenWidthEm
                0x03807a84       0x24 c:\Users\Benjamin Coleman\AppData\Roaming\Code\User\globalStorage\vexrobotics.vexcode\sdk\cpp\V5\V5_20220726_10_00_00/vexv5\libv5rt.a(vex_brain.cpp.obj)
                0x03807a84                vex::brain::lcd::setPenWidth(unsigned long)
 .text._ZN3vex5brain3lcd11setPenColorERKNS_5colorE
                0x03807aa8       0x14 c:\Users\Benjamin Coleman\AppData\Roaming\Code\User\globalStorage\vexrobotics.vexcode\sdk\cpp\V5\V5_20220726_10_00_00/vexv5\libv5rt.a(vex_brain.cpp.obj)
                0x03807aa8                vex::brain::lcd::setPenColor(vex::color const&)
 .text._ZN3vex5brain3lcd12setFillColorERKNS_5colorE
                0x03807abc       0x38 c:\Users\Benjamin Coleman\AppData\Roaming\Code\User\globalStorage\vexrobotics.vexcode\sdk\cpp\V5\V5_20220726_10_00_00/vexv5\libv5rt.a(vex_brain.cpp.obj)
                0x03807abc                vex::brain::lcd::setFillColor(vex::color const&)
 .text._ZN3vex5brain3lcd12_clearScreenEm
                0x03807af4       0x38 c:\Users\Benjamin Coleman\AppData\Roaming\Code\User\globalStorage\vexrobotics.vexcode\sdk\cpp\V5\V5_20220726_10_00_00/vexv5\libv5rt.a(vex_brain.cpp.obj)
                0x03807af4                vex::brain::lcd::_clearScreen(unsigned long)
 .text._ZN3vex5brain3lcd11clearScreenERKNS_5colorE
                0x03807b2c       0x20 c:\Users\Benjamin Coleman\AppData\Roaming\Code\User\globalStorage\vexrobotics.vexcode\sdk\cpp\V5\V5_20220726_10_00_00/vexv5\libv5rt.a(vex_brain.cpp.obj)
                0x03807b2c                vex::brain::lcd::clearScreen(vex::color const&)
 .text._ZN3vex5brain3lcd11clearScreenEv
                0x03807b4c       0x2c c:\Users\Benjamin Coleman\AppData\Roaming\Code\User\globalStorage\vexrobotics.vexcode\sdk\cpp\V5\V5_20220726_10_00_00/vexv5\libv5rt.a(vex_brain.cpp.obj)
                0x03807b4c                vex::brain::lcd::clearScreen()
 .text._ZN3vex5brain3lcd13drawRectangleEiiii
                0x03807b78       0xdc c:\Users\Benjamin Coleman\AppData\Roaming\Code\User\globalStorage\vexrobotics.vexcode\sdk\cpp\V5\V5_20220726_10_00_00/vexv5\libv5rt.a(vex_brain.cpp.obj)
                0x03807b78                vex::brain::lcd::drawRectangle(int, int, int, int)
 .text._ZN3vex5brain3lcd10rowToPixelEl
                0x03807c54       0x34 c:\Users\Benjamin Coleman\AppData\Roaming\Code\User\globalStorage\vexrobotics.vexcode\sdk\cpp\V5\V5_20220726_10_00_00/vexv5\libv5rt.a(vex_brain.cpp.obj)
                0x03807c54                vex::brain::lcd::rowToPixel(long)
 .text._ZN3vex5brain3lcd9clearLineEv
                0x03807c88       0x38 c:\Users\Benjamin Coleman\AppData\Roaming\Code\User\globalStorage\vexrobotics.vexcode\sdk\cpp\V5\V5_20220726_10_00_00/vexv5\libv5rt.a(vex_brain.cpp.obj)
                0x03807c88                vex::brain::lcd::clearLine()
 .text._ZN3vex5brain3lcd5printEPKcz
                0x03807cc0       0xb8 c:\Users\Benjamin Coleman\AppData\Roaming\Code\User\globalStorage\vexrobotics.vexcode\sdk\cpp\V5\V5_20220726_10_00_00/vexv5\libv5rt.a(vex_brain.cpp.obj)
                0x03807cc0                vex::brain::lcd::print(char const*, ...)
 .text._ZN3vex5brainD2Ev
                0x03807d78       0x20 c:\Users\Benjamin Coleman\AppData\Roaming\Code\User\globalStorage\vexrobotics.vexcode\sdk\cpp\V5\V5_20220726_10_00_00/vexv5\libv5rt.a(vex_brain.cpp.obj)
                0x03807d78                vex::brain::~brain()
                0x03807d78                vex::brain::~brain()
 .text._ZN3vex11competition8_disableEPv
                0x03807d98       0xa4 c:\Users\Benjamin Coleman\AppData\Roaming\Code\User\globalStorage\vexrobotics.vexcode\sdk\cpp\V5\V5_20220726_10_00_00/vexv5\libv5rt.a(vex_competition.cpp.obj)
                0x03807d98                vex::competition::_disable(void*)
 .text._ZN3vex11competition11_autonomousEv
                0x03807e3c       0x80 c:\Users\Benjamin Coleman\AppData\Roaming\Code\User\globalStorage\vexrobotics.vexcode\sdk\cpp\V5\V5_20220726_10_00_00/vexv5\libv5rt.a(vex_competition.cpp.obj)
                0x03807e3c                vex::competition::_autonomous()
 .text._ZN3vex11competition14_drivercontrolEv
                0x03807ebc       0x80 c:\Users\Benjamin Coleman\AppData\Roaming\Code\User\globalStorage\vexrobotics.vexcode\sdk\cpp\V5\V5_20220726_10_00_00/vexv5\libv5rt.a(vex_competition.cpp.obj)
                0x03807ebc                vex::competition::_drivercontrol()
 .text._ZN3vex11competitionC2Ev
                0x03807f3c      0x13c c:\Users\Benjamin Coleman\AppData\Roaming\Code\User\globalStorage\vexrobotics.vexcode\sdk\cpp\V5\V5_20220726_10_00_00/vexv5\libv5rt.a(vex_competition.cpp.obj)
                0x03807f3c                vex::competition::competition()
                0x03807f3c                vex::competition::competition()
 .text._ZN3vex11competitionD2Ev
                0x03808078        0x4 c:\Users\Benjamin Coleman\AppData\Roaming\Code\User\globalStorage\vexrobotics.vexcode\sdk\cpp\V5\V5_20220726_10_00_00/vexv5\libv5rt.a(vex_competition.cpp.obj)
                0x03808078                vex::competition::~competition()
                0x03808078                vex::competition::~competition()
 .text._ZN3vex11competition10autonomousEPFvvE
                0x0380807c       0x44 c:\Users\Benjamin Coleman\AppData\Roaming\Code\User\globalStorage\vexrobotics.vexcode\sdk\cpp\V5\V5_20220726_10_00_00/vexv5\libv5rt.a(vex_competition.cpp.obj)
                0x0380807c                vex::competition::autonomous(void (*)())
 .text._ZN3vex11competition13drivercontrolEPFvvE
                0x038080c0       0x44 c:\Users\Benjamin Coleman\AppData\Roaming\Code\User\globalStorage\vexrobotics.vexcode\sdk\cpp\V5\V5_20220726_10_00_00/vexv5\libv5rt.a(vex_competition.cpp.obj)
                0x038080c0                vex::competition::drivercontrol(void (*)())
 .text._ZN3vex7triportD2Ev
                0x03808104       0x38 c:\Users\Benjamin Coleman\AppData\Roaming\Code\User\globalStorage\vexrobotics.vexcode\sdk\cpp\V5\V5_20220726_10_00_00/vexv5\libv5rt.a(vex_triport.cpp.obj)
                0x03808104                vex::triport::~triport()
                0x03808104                vex::triport::~triport()
 .text._ZN3vex7triportD0Ev
                0x0380813c       0x1c c:\Users\Benjamin Coleman\AppData\Roaming\Code\User\globalStorage\vexrobotics.vexcode\sdk\cpp\V5\V5_20220726_10_00_00/vexv5\libv5rt.a(vex_triport.cpp.obj)
                0x0380813c                vex::triport::~triport()
 .text._ZN3vex7triport9installedEv
                0x03808158       0x18 c:\Users\Benjamin Coleman\AppData\Roaming\Code\User\globalStorage\vexrobotics.vexcode\sdk\cpp\V5\V5_20220726_10_00_00/vexv5\libv5rt.a(vex_triport.cpp.obj)
                0x03808158                vex::triport::installed()
 .text._ZN3vex7triport4portC2ElPS0_
                0x03808170       0x74 c:\Users\Benjamin Coleman\AppData\Roaming\Code\User\globalStorage\vexrobotics.vexcode\sdk\cpp\V5\V5_20220726_10_00_00/vexv5\libv5rt.a(vex_triport.cpp.obj)
                0x03808170                vex::triport::port::port(long, vex::triport*)
                0x03808170                vex::triport::port::port(long, vex::triport*)
 .text._ZN3vex7triportC2El
                0x038081e4       0xf0 c:\Users\Benjamin Coleman\AppData\Roaming\Code\User\globalStorage\vexrobotics.vexcode\sdk\cpp\V5\V5_20220726_10_00_00/vexv5\libv5rt.a(vex_triport.cpp.obj)
                0x038081e4                vex::triport::triport(long)
                0x038081e4                vex::triport::triport(long)
 .text._ZN3vex7triport4port4typeENS_11triportTypeE
                0x038082d4       0x30 c:\Users\Benjamin Coleman\AppData\Roaming\Code\User\globalStorage\vexrobotics.vexcode\sdk\cpp\V5\V5_20220726_10_00_00/vexv5\libv5rt.a(vex_triport.cpp.obj)
                0x038082d4                vex::triport::port::type(vex::triportType)
 .text._ZN3vex7triport4port4typeEv
                0x03808304       0x38 c:\Users\Benjamin Coleman\AppData\Roaming\Code\User\globalStorage\vexrobotics.vexcode\sdk\cpp\V5\V5_20220726_10_00_00/vexv5\libv5rt.a(vex_triport.cpp.obj)
                0x03808304                vex::triport::port::type()
 .text._ZN3vex7triport4port5valueEv
                0x0380833c       0x14 c:\Users\Benjamin Coleman\AppData\Roaming\Code\User\globalStorage\vexrobotics.vexcode\sdk\cpp\V5\V5_20220726_10_00_00/vexv5\libv5rt.a(vex_triport.cpp.obj)
                0x0380833c                vex::triport::port::value()
 .text._ZN3vex7triport4port5valueEl
                0x03808350       0x18 c:\Users\Benjamin Coleman\AppData\Roaming\Code\User\globalStorage\vexrobotics.vexcode\sdk\cpp\V5\V5_20220726_10_00_00/vexv5\libv5rt.a(vex_triport.cpp.obj)
                0x03808350                vex::triport::port::value(long)
 .text._ZN3vex7triport4port11setRotationEdNS_13rotationUnitsE
                0x03808368       0x50 c:\Users\Benjamin Coleman\AppData\Roaming\Code\User\globalStorage\vexrobotics.vexcode\sdk\cpp\V5\V5_20220726_10_00_00/vexv5\libv5rt.a(vex_triport.cpp.obj)
                0x03808368                vex::triport::port::setRotation(double, vex::rotationUnits)
 .text._ZN3vex7triport4port8rotationENS_13rotationUnitsE
                0x038083b8       0x40 c:\Users\Benjamin Coleman\AppData\Roaming\Code\User\globalStorage\vexrobotics.vexcode\sdk\cpp\V5\V5_20220726_10_00_00/vexv5\libv5rt.a(vex_triport.cpp.obj)
                0x038083b8                vex::triport::port::rotation(vex::rotationUnits)
 .text._ZN3vex11__trideviceC2ERNS_7triport4portENS_11triportTypeE
                0x038083f8       0x5c c:\Users\Benjamin Coleman\AppData\Roaming\Code\User\globalStorage\vexrobotics.vexcode\sdk\cpp\V5\V5_20220726_10_00_00/vexv5\libv5rt.a(vex_triport.cpp.obj)
                0x038083f8                vex::__tridevice::__tridevice(vex::triport::port&, vex::triportType)
                0x038083f8                vex::__tridevice::__tridevice(vex::triport::port&, vex::triportType)
 .text._ZN3vex11digital_outC2ERNS_7triport4portE
                0x03808454       0x18 c:\Users\Benjamin Coleman\AppData\Roaming\Code\User\globalStorage\vexrobotics.vexcode\sdk\cpp\V5\V5_20220726_10_00_00/vexv5\libv5rt.a(vex_triport.cpp.obj)
                0x03808454                vex::digital_out::digital_out(vex::triport::port&)
                0x03808454                vex::digital_out::digital_out(vex::triport::port&)
 .text._ZN3vex11digital_outD2Ev
                0x0380846c        0x4 c:\Users\Benjamin Coleman\AppData\Roaming\Code\User\globalStorage\vexrobotics.vexcode\sdk\cpp\V5\V5_20220726_10_00_00/vexv5\libv5rt.a(vex_triport.cpp.obj)
                0x0380846c                vex::digital_out::~digital_out()
                0x0380846c                vex::digital_out::~digital_out()
 .text._ZN3vex11digital_out3setEb
                0x03808470        0x8 c:\Users\Benjamin Coleman\AppData\Roaming\Code\User\globalStorage\vexrobotics.vexcode\sdk\cpp\V5\V5_20220726_10_00_00/vexv5\libv5rt.a(vex_triport.cpp.obj)
                0x03808470                vex::digital_out::set(bool)
 .text._ZN3vex7encoderC2ERNS_7triport4portE
                0x03808478       0x20 c:\Users\Benjamin Coleman\AppData\Roaming\Code\User\globalStorage\vexrobotics.vexcode\sdk\cpp\V5\V5_20220726_10_00_00/vexv5\libv5rt.a(vex_triport.cpp.obj)
                0x03808478                vex::encoder::encoder(vex::triport::port&)
                0x03808478                vex::encoder::encoder(vex::triport::port&)
 .text._ZN3vex7encoderD2Ev
                0x03808498        0x4 c:\Users\Benjamin Coleman\AppData\Roaming\Code\User\globalStorage\vexrobotics.vexcode\sdk\cpp\V5\V5_20220726_10_00_00/vexv5\libv5rt.a(vex_triport.cpp.obj)
                0x03808498                vex::encoder::~encoder()
                0x03808498                vex::encoder::~encoder()
 .text._ZN3vex7encoder11setPositionEdNS_13rotationUnitsE
                0x0380849c        0x8 c:\Users\Benjamin Coleman\AppData\Roaming\Code\User\globalStorage\vexrobotics.vexcode\sdk\cpp\V5\V5_20220726_10_00_00/vexv5\libv5rt.a(vex_triport.cpp.obj)
                0x0380849c                vex::encoder::setPosition(double, vex::rotationUnits)
 .text._ZN3vex7encoder8positionENS_13rotationUnitsE
                0x038084a4        0x8 c:\Users\Benjamin Coleman\AppData\Roaming\Code\User\globalStorage\vexrobotics.vexcode\sdk\cpp\V5\V5_20220726_10_00_00/vexv5\libv5rt.a(vex_triport.cpp.obj)
                0x038084a4                vex::encoder::position(vex::rotationUnits)
 .text._ZN3vex5colorD2Ev
                0x038084ac        0x4 c:\Users\Benjamin Coleman\AppData\Roaming\Code\User\globalStorage\vexrobotics.vexcode\sdk\cpp\V5\V5_20220726_10_00_00/vexv5\libv5rt.a(vex_color.cpp.obj)
                0x038084ac                vex::color::~color()
                0x038084ac                vex::color::~color()
 .text._ZN3vex5colorC2Ev
                0x038084b0       0x10 c:\Users\Benjamin Coleman\AppData\Roaming\Code\User\globalStorage\vexrobotics.vexcode\sdk\cpp\V5\V5_20220726_10_00_00/vexv5\libv5rt.a(vex_color.cpp.obj)
                0x038084b0                vex::color::color()
                0x038084b0                vex::color::color()
 .text._ZNK3vex5colorcvmEv
                0x038084c0        0x8 c:\Users\Benjamin Coleman\AppData\Roaming\Code\User\globalStorage\vexrobotics.vexcode\sdk\cpp\V5\V5_20220726_10_00_00/vexv5\libv5rt.a(vex_color.cpp.obj)
                0x038084c0                vex::color::operator unsigned long() const
 .text._ZNK3vex5color13isTransparentEv
                0x038084c8        0x8 c:\Users\Benjamin Coleman\AppData\Roaming\Code\User\globalStorage\vexrobotics.vexcode\sdk\cpp\V5\V5_20220726_10_00_00/vexv5\libv5rt.a(vex_color.cpp.obj)
                0x038084c8                vex::color::isTransparent() const
 .text._ZN3vex5color3hsvEmdd
                0x038084d0      0x13c c:\Users\Benjamin Coleman\AppData\Roaming\Code\User\globalStorage\vexrobotics.vexcode\sdk\cpp\V5\V5_20220726_10_00_00/vexv5\libv5rt.a(vex_color.cpp.obj)
                0x038084d0                vex::color::hsv(unsigned long, double, double)
 .text.startup._GLOBAL__sub_I__ZN3vex5color5blackE
                0x0380860c      0x164 c:\Users\Benjamin Coleman\AppData\Roaming\Code\User\globalStorage\vexrobotics.vexcode\sdk\cpp\V5\V5_20220726_10_00_00/vexv5\libv5rt.a(vex_color.cpp.obj)
 .text._ZN3vex5timerD2Ev
                0x03808770        0x4 c:\Users\Benjamin Coleman\AppData\Roaming\Code\User\globalStorage\vexrobotics.vexcode\sdk\cpp\V5\V5_20220726_10_00_00/vexv5\libv5rt.a(vex_timer.cpp.obj)
                0x03808770                vex::timer::~timer()
                0x03808770                vex::timer::~timer()
 .text._ZN3vex5timer5clearEv
                0x03808774       0x1c c:\Users\Benjamin Coleman\AppData\Roaming\Code\User\globalStorage\vexrobotics.vexcode\sdk\cpp\V5\V5_20220726_10_00_00/vexv5\libv5rt.a(vex_timer.cpp.obj)
                0x03808774                vex::timer::clear()
 .text._ZN3vex5timerC2Ev
                0x03808790       0x14 c:\Users\Benjamin Coleman\AppData\Roaming\Code\User\globalStorage\vexrobotics.vexcode\sdk\cpp\V5\V5_20220726_10_00_00/vexv5\libv5rt.a(vex_timer.cpp.obj)
                0x03808790                vex::timer::timer()
                0x03808790                vex::timer::timer()
 .text._ZN3vex5timer5resetEv
                0x038087a4        0x4 c:\Users\Benjamin Coleman\AppData\Roaming\Code\User\globalStorage\vexrobotics.vexcode\sdk\cpp\V5\V5_20220726_10_00_00/vexv5\libv5rt.a(vex_timer.cpp.obj)
                0x038087a4                vex::timer::reset()
 .text._ZNK3vex5timer4timeENS_9timeUnitsE
                0x038087a8       0x40 c:\Users\Benjamin Coleman\AppData\Roaming\Code\User\globalStorage\vexrobotics.vexcode\sdk\cpp\V5\V5_20220726_10_00_00/vexv5\libv5rt.a(vex_timer.cpp.obj)
                0x038087a8                vex::timer::time(vex::timeUnits) const
 .text.vexAdiPortConfigSet
                0x038087e8       0x28 c:\Users\Benjamin Coleman\AppData\Roaming\Code\User\globalStorage\vexrobotics.vexcode\sdk\cpp\V5\V5_20220726_10_00_00/vexv5\libv5rt.a(v5_apiuser.c.obj)
                0x038087e8                vexAdiPortConfigSet
 .text.vexAdiPortConfigGet
                0x03808810       0x28 c:\Users\Benjamin Coleman\AppData\Roaming\Code\User\globalStorage\vexrobotics.vexcode\sdk\cpp\V5\V5_20220726_10_00_00/vexv5\libv5rt.a(v5_apiuser.c.obj)
                0x03808810                vexAdiPortConfigGet
 .text.vexAdiValueSet
                0x03808838       0x28 c:\Users\Benjamin Coleman\AppData\Roaming\Code\User\globalStorage\vexrobotics.vexcode\sdk\cpp\V5\V5_20220726_10_00_00/vexv5\libv5rt.a(v5_apiuser.c.obj)
                0x03808838                vexAdiValueSet
 .text.vexAdiValueGet
                0x03808860       0x20 c:\Users\Benjamin Coleman\AppData\Roaming\Code\User\globalStorage\vexrobotics.vexcode\sdk\cpp\V5\V5_20220726_10_00_00/vexv5\libv5rt.a(v5_apiuser.c.obj)
                0x03808860                vexAdiValueGet
 .text.vexMotorVelocitySet
                0x03808880       0x20 c:\Users\Benjamin Coleman\AppData\Roaming\Code\User\globalStorage\vexrobotics.vexcode\sdk\cpp\V5\V5_20220726_10_00_00/vexv5\libv5rt.a(v5_apiuser.c.obj)
                0x03808880                vexMotorVelocitySet
 .text.vexMotorVoltageSet
                0x038088a0       0x20 c:\Users\Benjamin Coleman\AppData\Roaming\Code\User\globalStorage\vexrobotics.vexcode\sdk\cpp\V5\V5_20220726_10_00_00/vexv5\libv5rt.a(v5_apiuser.c.obj)
                0x038088a0                vexMotorVoltageSet
 .text.vexMotorVelocityGet
                0x038088c0       0x18 c:\Users\Benjamin Coleman\AppData\Roaming\Code\User\globalStorage\vexrobotics.vexcode\sdk\cpp\V5\V5_20220726_10_00_00/vexv5\libv5rt.a(v5_apiuser.c.obj)
                0x038088c0                vexMotorVelocityGet
 .text.vexMotorActualVelocityGet
                0x038088d8       0x24 c:\Users\Benjamin Coleman\AppData\Roaming\Code\User\globalStorage\vexrobotics.vexcode\sdk\cpp\V5\V5_20220726_10_00_00/vexv5\libv5rt.a(v5_apiuser.c.obj)
                0x038088d8                vexMotorActualVelocityGet
 .text.vexMotorModeGet
                0x038088fc       0x18 c:\Users\Benjamin Coleman\AppData\Roaming\Code\User\globalStorage\vexrobotics.vexcode\sdk\cpp\V5\V5_20220726_10_00_00/vexv5\libv5rt.a(v5_apiuser.c.obj)
                0x038088fc                vexMotorModeGet
 .text.vexMotorZeroPositionFlagGet
                0x03808914       0x18 c:\Users\Benjamin Coleman\AppData\Roaming\Code\User\globalStorage\vexrobotics.vexcode\sdk\cpp\V5\V5_20220726_10_00_00/vexv5\libv5rt.a(v5_apiuser.c.obj)
                0x03808914                vexMotorZeroPositionFlagGet
 .text.vexMotorReverseFlagSet
                0x0380892c       0x20 c:\Users\Benjamin Coleman\AppData\Roaming\Code\User\globalStorage\vexrobotics.vexcode\sdk\cpp\V5\V5_20220726_10_00_00/vexv5\libv5rt.a(v5_apiuser.c.obj)
                0x0380892c                vexMotorReverseFlagSet
 .text.vexMotorEncoderUnitsSet
                0x0380894c       0x20 c:\Users\Benjamin Coleman\AppData\Roaming\Code\User\globalStorage\vexrobotics.vexcode\sdk\cpp\V5\V5_20220726_10_00_00/vexv5\libv5rt.a(v5_apiuser.c.obj)
                0x0380894c                vexMotorEncoderUnitsSet
 .text.vexMotorBrakeModeSet
                0x0380896c       0x20 c:\Users\Benjamin Coleman\AppData\Roaming\Code\User\globalStorage\vexrobotics.vexcode\sdk\cpp\V5\V5_20220726_10_00_00/vexv5\libv5rt.a(v5_apiuser.c.obj)
                0x0380896c                vexMotorBrakeModeSet
 .text.vexMotorPositionSet
                0x0380898c       0x28 c:\Users\Benjamin Coleman\AppData\Roaming\Code\User\globalStorage\vexrobotics.vexcode\sdk\cpp\V5\V5_20220726_10_00_00/vexv5\libv5rt.a(v5_apiuser.c.obj)
                0x0380898c                vexMotorPositionSet
 .text.vexMotorPositionGet
                0x038089b4       0x24 c:\Users\Benjamin Coleman\AppData\Roaming\Code\User\globalStorage\vexrobotics.vexcode\sdk\cpp\V5\V5_20220726_10_00_00/vexv5\libv5rt.a(v5_apiuser.c.obj)
                0x038089b4                vexMotorPositionGet
 .text.vexMotorRelativeTargetSet
                0x038089d8       0x30 c:\Users\Benjamin Coleman\AppData\Roaming\Code\User\globalStorage\vexrobotics.vexcode\sdk\cpp\V5\V5_20220726_10_00_00/vexv5\libv5rt.a(v5_apiuser.c.obj)
                0x038089d8                vexMotorRelativeTargetSet
 .text.vexMotorGearingSet
                0x03808a08       0x20 c:\Users\Benjamin Coleman\AppData\Roaming\Code\User\globalStorage\vexrobotics.vexcode\sdk\cpp\V5\V5_20220726_10_00_00/vexv5\libv5rt.a(v5_apiuser.c.obj)
                0x03808a08                vexMotorGearingSet
 .text.vexMotorGearingGet
                0x03808a28       0x18 c:\Users\Benjamin Coleman\AppData\Roaming\Code\User\globalStorage\vexrobotics.vexcode\sdk\cpp\V5\V5_20220726_10_00_00/vexv5\libv5rt.a(v5_apiuser.c.obj)
                0x03808a28                vexMotorGearingGet
 .text.vexImuReset
                0x03808a40       0x10 c:\Users\Benjamin Coleman\AppData\Roaming\Code\User\globalStorage\vexrobotics.vexcode\sdk\cpp\V5\V5_20220726_10_00_00/vexv5\libv5rt.a(v5_apiuser.c.obj)
                0x03808a40                vexImuReset
 .text.vexImuHeadingGet
                0x03808a50       0x10 c:\Users\Benjamin Coleman\AppData\Roaming\Code\User\globalStorage\vexrobotics.vexcode\sdk\cpp\V5\V5_20220726_10_00_00/vexv5\libv5rt.a(v5_apiuser.c.obj)
                0x03808a50                vexImuHeadingGet
 .text.vexImuDegreesGet
                0x03808a60       0x10 c:\Users\Benjamin Coleman\AppData\Roaming\Code\User\globalStorage\vexrobotics.vexcode\sdk\cpp\V5\V5_20220726_10_00_00/vexv5\libv5rt.a(v5_apiuser.c.obj)
                0x03808a60                vexImuDegreesGet
 .text.vexImuStatusGet
                0x03808a70       0x10 c:\Users\Benjamin Coleman\AppData\Roaming\Code\User\globalStorage\vexrobotics.vexcode\sdk\cpp\V5\V5_20220726_10_00_00/vexv5\libv5rt.a(v5_apiuser.c.obj)
                0x03808a70                vexImuStatusGet
 .text.vexOpticalHueGet
                0x03808a80       0x10 c:\Users\Benjamin Coleman\AppData\Roaming\Code\User\globalStorage\vexrobotics.vexcode\sdk\cpp\V5\V5_20220726_10_00_00/vexv5\libv5rt.a(v5_apiuser.c.obj)
                0x03808a80                vexOpticalHueGet
 .text.vexOpticalLedPwmSet
                0x03808a90       0x18 c:\Users\Benjamin Coleman\AppData\Roaming\Code\User\globalStorage\vexrobotics.vexcode\sdk\cpp\V5\V5_20220726_10_00_00/vexv5\libv5rt.a(v5_apiuser.c.obj)
                0x03808a90                vexOpticalLedPwmSet
 .text.vexOpticalGestureEnable
                0x03808aa8       0x10 c:\Users\Benjamin Coleman\AppData\Roaming\Code\User\globalStorage\vexrobotics.vexcode\sdk\cpp\V5\V5_20220726_10_00_00/vexv5\libv5rt.a(v5_apiuser.c.obj)
                0x03808aa8                vexOpticalGestureEnable
 .text.vexOpticalGestureDisable
                0x03808ab8       0x10 c:\Users\Benjamin Coleman\AppData\Roaming\Code\User\globalStorage\vexrobotics.vexcode\sdk\cpp\V5\V5_20220726_10_00_00/vexv5\libv5rt.a(v5_apiuser.c.obj)
                0x03808ab8                vexOpticalGestureDisable
 .text.vexOpticalProximityThreshold
                0x03808ac8       0x18 c:\Users\Benjamin Coleman\AppData\Roaming\Code\User\globalStorage\vexrobotics.vexcode\sdk\cpp\V5\V5_20220726_10_00_00/vexv5\libv5rt.a(v5_apiuser.c.obj)
                0x03808ac8                vexOpticalProximityThreshold
 .text.vexEventMaskSet
                0x03808ae0       0x28 c:\Users\Benjamin Coleman\AppData\Roaming\Code\User\globalStorage\vexrobotics.vexcode\sdk\cpp\V5\V5_20220726_10_00_00/vexv5\libv5rt.a(v5_apiuser.c.obj)
                0x03808ae0                vexEventMaskSet
 .text.vexEventMaskGet
                0x03808b08       0x18 c:\Users\Benjamin Coleman\AppData\Roaming\Code\User\globalStorage\vexrobotics.vexcode\sdk\cpp\V5\V5_20220726_10_00_00/vexv5\libv5rt.a(v5_apiuser.c.obj)
                0x03808b08                vexEventMaskGet
 .text._ZN3vex6deviceD2Ev
                0x03808b20        0x4 c:\Users\Benjamin Coleman\AppData\Roaming\Code\User\globalStorage\vexrobotics.vexcode\sdk\cpp\V5\V5_20220726_10_00_00/vexv5\libv5rt.a(vex_device.cpp.obj)
                0x03808b20                vex::device::~device()
                0x03808b20                vex::device::~device()
 .text._ZN3vex6device5valueEv
                0x03808b24        0x8 c:\Users\Benjamin Coleman\AppData\Roaming\Code\User\globalStorage\vexrobotics.vexcode\sdk\cpp\V5\V5_20220726_10_00_00/vexv5\libv5rt.a(vex_device.cpp.obj)
                0x03808b24                vex::device::value()
 .text._ZN3vex6deviceD0Ev
                0x03808b2c       0x14 c:\Users\Benjamin Coleman\AppData\Roaming\Code\User\globalStorage\vexrobotics.vexcode\sdk\cpp\V5\V5_20220726_10_00_00/vexv5\libv5rt.a(vex_device.cpp.obj)
                0x03808b2c                vex::device::~device()
 .text._ZN3vex6device4initEl
                0x03808b40       0x30 c:\Users\Benjamin Coleman\AppData\Roaming\Code\User\globalStorage\vexrobotics.vexcode\sdk\cpp\V5\V5_20220726_10_00_00/vexv5\libv5rt.a(vex_device.cpp.obj)
                0x03808b40                vex::device::init(long)
 .text._ZN3vex6deviceC2El
                0x03808b70       0x20 c:\Users\Benjamin Coleman\AppData\Roaming\Code\User\globalStorage\vexrobotics.vexcode\sdk\cpp\V5\V5_20220726_10_00_00/vexv5\libv5rt.a(vex_device.cpp.obj)
                0x03808b70                vex::device::device(long)
                0x03808b70                vex::device::device(long)
 .text._ZN3vex6device4typeEv
                0x03808b90       0x10 c:\Users\Benjamin Coleman\AppData\Roaming\Code\User\globalStorage\vexrobotics.vexcode\sdk\cpp\V5\V5_20220726_10_00_00/vexv5\libv5rt.a(vex_device.cpp.obj)
                0x03808b90                vex::device::type()
 .text._ZN3vex6device9installedEv
                0x03808ba0       0x14 c:\Users\Benjamin Coleman\AppData\Roaming\Code\User\globalStorage\vexrobotics.vexcode\sdk\cpp\V5\V5_20220726_10_00_00/vexv5\libv5rt.a(vex_device.cpp.obj)
                0x03808ba0                vex::device::installed()
 .text._ZNK10__cxxabiv117__class_type_info11__do_upcastEPKS0_PPv
                0x03808bb4       0x38 c:\Users\Benjamin Coleman\AppData\Roaming\Code\User\globalStorage\vexrobotics.vexcode\sdk\cpp\V5\V5_20220726_10_00_00/vexv5/gcc/libs\libstdc++.a(class_type_info.o)
                0x03808bb4                __cxxabiv1::__class_type_info::__do_upcast(__cxxabiv1::__class_type_info const*, void**) const
 .text._ZNK10__cxxabiv117__class_type_info20__do_find_public_srcEiPKvPKS0_S2_
                0x03808bec        0xc c:\Users\Benjamin Coleman\AppData\Roaming\Code\User\globalStorage\vexrobotics.vexcode\sdk\cpp\V5\V5_20220726_10_00_00/vexv5/gcc/libs\libstdc++.a(class_type_info.o)
                0x03808bec                __cxxabiv1::__class_type_info::__do_find_public_src(int, void const*, __cxxabiv1::__class_type_info const*, void const*) const
 .text._ZN10__cxxabiv117__class_type_infoD2Ev
                0x03808bf8       0x14 c:\Users\Benjamin Coleman\AppData\Roaming\Code\User\globalStorage\vexrobotics.vexcode\sdk\cpp\V5\V5_20220726_10_00_00/vexv5/gcc/libs\libstdc++.a(class_type_info.o)